Archive member included because of file (symbol)

.\CortexM0\ARM_GCC_493\Debug\BLE Lab 3.a(cyfitter_cfg.o)
                              .\CortexM0\ARM_GCC_493\Debug\Cm0Start.o (cyfitter_cfg)
.\CortexM0\ARM_GCC_493\Debug\BLE Lab 3.a(SW2_Switch.o)
                              .\CortexM0\ARM_GCC_493\Debug\main.o (SW2_Switch_ClearInterrupt)
.\CortexM0\ARM_GCC_493\Debug\BLE Lab 3.a(Wakeup_ISR.o)
                              .\CortexM0\ARM_GCC_493\Debug\main.o (Wakeup_ISR_Start)
.\CortexM0\ARM_GCC_493\Debug\BLE Lab 3.a(Led_Advertising_Green.o)
                              .\CortexM0\ARM_GCC_493\Debug\main.o (Led_Advertising_Green_Write)
.\CortexM0\ARM_GCC_493\Debug\BLE Lab 3.a(Led_Connected_Blue.o)
                              .\CortexM0\ARM_GCC_493\Debug\main.o (Led_Connected_Blue_Write)
.\CortexM0\ARM_GCC_493\Debug\BLE Lab 3.a(BLE_hrs.o)
                              .\CortexM0\ARM_GCC_493\Debug\main.o (CyBle_HrsRegisterAttrCallback)
.\CortexM0\ARM_GCC_493\Debug\BLE Lab 3.a(BLE.o)
                              .\CortexM0\ARM_GCC_493\Debug\BLE Lab 3.a(BLE_hrs.o) (CyBle_ApplCallback)
.\CortexM0\ARM_GCC_493\Debug\BLE Lab 3.a(BLE_gatt.o)
                              .\CortexM0\ARM_GCC_493\Debug\BleProcessing.o (cyBle_state)
.\CortexM0\ARM_GCC_493\Debug\BLE Lab 3.a(BLE_eventHandler.o)
                              .\CortexM0\ARM_GCC_493\Debug\BleProcessing.o (cyBle_connHandle)
.\CortexM0\ARM_GCC_493\Debug\BLE Lab 3.a(BLE_dis.o)
                              .\CortexM0\ARM_GCC_493\Debug\BLE Lab 3.a(BLE.o) (CyBle_DisInit)
.\CortexM0\ARM_GCC_493\Debug\BLE Lab 3.a(Opamp.o)
                              .\CortexM0\ARM_GCC_493\Debug\main.o (Opamp_Start)
.\CortexM0\ARM_GCC_493\Debug\BLE Lab 3.a(ADC.o)
                              .\CortexM0\ARM_GCC_493\Debug\main.o (ADC_Start)
.\CortexM0\ARM_GCC_493\Debug\BLE Lab 3.a(ADC_PM.o)
                              .\CortexM0\ARM_GCC_493\Debug\main.o (ADC_Sleep)
.\CortexM0\ARM_GCC_493\Debug\BLE Lab 3.a(ADC_INT.o)
                              .\CortexM0\ARM_GCC_493\Debug\BLE Lab 3.a(ADC.o) (ADC_ISR)
.\CortexM0\ARM_GCC_493\Debug\BLE Lab 3.a(CyBootAsmGnu.o)
                              .\CortexM0\ARM_GCC_493\Debug\BLE Lab 3.a(cyfitter_cfg.o) (CyDelayCycles)
.\CortexM0\ARM_GCC_493\Debug\BLE Lab 3.a(CyLib.o)
                              .\CortexM0\ARM_GCC_493\Debug\BLE Lab 3.a(cyfitter_cfg.o) (CySysClkWriteImoFreq)
.\CortexM0\ARM_GCC_493\Debug\BLE Lab 3.a(cyPm.o)
                              .\CortexM0\ARM_GCC_493\Debug\main.o (CySysPmSleep)
.\CortexM0\ARM_GCC_493\Debug\BLE Lab 3.a(CyLFClk.o)
                              .\CortexM0\ARM_GCC_493\Debug\BLE Lab 3.a(cyfitter_cfg.o) (CySysClkWcoStart)
C:\9047software\PSoC Creator\3.3\PSoC Creator\psoc\content\cycomponentlibrary\CyComponentLibrary.cylib\BLE_v2_0\Library\gccCyBLEStack_BLE_SOC_PERIPHERAL.a(CyBle.o)
                              .\CortexM0\ARM_GCC_493\Debug\main.o (CyBle_EnterLPM)
C:\9047software\PSoC Creator\3.3\PSoC Creator\psoc\content\cycomponentlibrary\CyComponentLibrary.cylib\BLE_v2_0\Library\gccCyBLEStack_BLE_SOC_PERIPHERAL.a(CyBleStackMgrIP_Interface.o)
                              C:\9047software\PSoC Creator\3.3\PSoC Creator\psoc\content\cycomponentlibrary\CyComponentLibrary.cylib\BLE_v2_0\Library\gccCyBLEStack_BLE_SOC_PERIPHERAL.a(CyBle.o) (CyBleStackMgr_Init)
C:\9047software\PSoC Creator\3.3\PSoC Creator\psoc\content\cycomponentlibrary\CyComponentLibrary.cylib\BLE_v2_0\Library\gccCyBLEStack_BLE_SOC_PERIPHERAL.a(BT_os.o)
                              C:\9047software\PSoC Creator\3.3\PSoC Creator\psoc\content\cycomponentlibrary\CyComponentLibrary.cylib\BLE_v2_0\Library\gccCyBLEStack_BLE_SOC_PERIPHERAL.a(CyBleStackMgrIP_Interface.o) (cyBleStackMemoryConfig)
C:\9047software\PSoC Creator\3.3\PSoC Creator\psoc\content\cycomponentlibrary\CyComponentLibrary.cylib\BLE_v2_0\Library\gccCyBLEStack_BLE_SOC_PERIPHERAL.a(CyBleStackMgr_StackTaskHandler.o)
                              C:\9047software\PSoC Creator\3.3\PSoC Creator\psoc\content\cycomponentlibrary\CyComponentLibrary.cylib\BLE_v2_0\Library\gccCyBLEStack_BLE_SOC_PERIPHERAL.a(CyBleStackMgrIP_Interface.o) (CyBle_CreateBleStackTask)
C:\9047software\PSoC Creator\3.3\PSoC Creator\psoc\content\cycomponentlibrary\CyComponentLibrary.cylib\BLE_v2_0\Library\gccCyBLEStack_BLE_SOC_PERIPHERAL.a(transport_sf.o)
                              C:\9047software\PSoC Creator\3.3\PSoC Creator\psoc\content\cycomponentlibrary\CyComponentLibrary.cylib\BLE_v2_0\Library\gccCyBLEStack_BLE_SOC_PERIPHERAL.a(CyBleStackMgr_StackTaskHandler.o) (hci_soft_transport_notify_data_received)
C:\9047software\PSoC Creator\3.3\PSoC Creator\psoc\content\cycomponentlibrary\CyComponentLibrary.cylib\BLE_v2_0\Library\gccCyBLEStack_BLE_SOC_PERIPHERAL.a(CyBleStackMgr_PSoCHal.o)
[...]
Memory Configuration

Name             Origin             Length             Attributes
rom              0x00000000         0x00020000         xr
ram              0x20000000         0x00004000         xrw
*default*        0x00000000         0xffffffff

Linker script and memory map

LOAD c:/9047software/psoc creator/3.3/psoc creator/import/gnu/arm/4.9.3/bin/../lib/gcc/arm-none-eabi/4.9.3/armv6-m/crti.o
LOAD c:/9047software/psoc creator/3.3/psoc creator/import/gnu/arm/4.9.3/bin/../lib/gcc/arm-none-eabi/4.9.3/armv6-m/crtbegin.o
LOAD c:/9047software/psoc creator/3.3/psoc creator/import/gnu/arm/4.9.3/bin/../lib/gcc/arm-none-eabi/4.9.3/../../../../arm-none-eabi/lib/armv6-m/crt0.o
START GROUP
LOAD .\CortexM0\ARM_GCC_493\Debug\main.o
LOAD .\CortexM0\ARM_GCC_493\Debug\HeartRateProcessing.o
LOAD .\CortexM0\ARM_GCC_493\Debug\BleProcessing.o
LOAD .\CortexM0\ARM_GCC_493\Debug\WatchdogTimer.o
LOAD .\CortexM0\ARM_GCC_493\Debug\cymetadata.o
LOAD .\CortexM0\ARM_GCC_493\Debug\Cm0Start.o
LOAD .\CortexM0\ARM_GCC_493\Debug\BLE Lab 3.a
LOAD C:\9047software\PSoC Creator\3.3\PSoC Creator\psoc\content\cycomponentlibrary\CyComponentLibrary.cylib\BLE_v2_0\Library\gccCyBLEStack_BLE_SOC_PERIPHERAL.a
LOAD C:\9047software\PSoC Creator\3.3\PSoC Creator\psoc\content\cycomponentlibrary\CyComponentLibrary.cylib\CortexM0\ARM_GCC_493\Debug\CyComponentLibrary.a
END GROUP
START GROUP
LOAD c:/9047software/psoc creator/3.3/psoc creator/import/gnu/arm/4.9.3/bin/../lib/gcc/arm-none-eabi/4.9.3/armv6-m\libgcc.a
LOAD c:/9047software/psoc creator/3.3/psoc creator/import/gnu/arm/4.9.3/bin/../lib/gcc/arm-none-eabi/4.9.3/../../../../arm-none-eabi/lib/armv6-m\libg_nano.a
LOAD c:/9047software/psoc creator/3.3/psoc creator/import/gnu/arm/4.9.3/bin/../lib/gcc/arm-none-eabi/4.9.3/../../../../arm-none-eabi/lib/armv6-m\libc_nano.a
END GROUP
START GROUP
LOAD c:/9047software/psoc creator/3.3/psoc creator/import/gnu/arm/4.9.3/bin/../lib/gcc/arm-none-eabi/4.9.3/armv6-m\libgcc.a
LOAD c:/9047software/psoc creator/3.3/psoc creator/import/gnu/arm/4.9.3/bin/../lib/gcc/arm-none-eabi/4.9.3/../../../../arm-none-eabi/lib/armv6-m\libc_nano.a
END GROUP
LOAD c:/9047software/psoc creator/3.3/psoc creator/import/gnu/arm/4.9.3/bin/../lib/gcc/arm-none-eabi/4.9.3/armv6-m/crtend.o
LOAD c:/9047software/psoc creator/3.3/psoc creator/import/gnu/arm/4.9.3/bin/../lib/gcc/arm-none-eabi/4.9.3/armv6-m/crtn.o
START GROUP
LOAD c:/9047software/psoc creator/3.3/psoc creator/import/gnu/arm/4.9.3/bin/../lib/gcc/arm-none-eabi/4.9.3/armv6-m\libgcc.a
LOAD c:/9047software/psoc creator/3.3/psoc creator/import/gnu/arm/4.9.3/bin/../lib/gcc/arm-none-eabi/4.9.3/../../../../arm-none-eabi/lib/armv6-m\libc.a
LOAD c:/9047software/psoc creator/3.3/psoc creator/import/gnu/arm/4.9.3/bin/../lib/gcc/arm-none-eabi/4.9.3/../../../../arm-none-eabi/lib/armv6-m\libnosys.a
END GROUP
                0x00000000                CY_APPL_ORIGIN = 0x0
                0x00000080                CY_FLASH_ROW_SIZE = 0x80
                0x00000001                CY_APPL_NUM = 0x1
                0x00000040                CY_METADATA_SIZE = 0x40
                0x20001de0                PROVIDE (__cy_heap_start, _end)
                0x00000001                PROVIDE (__cy_region_num, ((__cy_regions_end - __cy_regions) / 0x10))
                0x20004000                PROVIDE (__cy_stack, (ORIGIN (ram) + 0x4000))
                0x20003c00                PROVIDE (__cy_heap_end, (__cy_stack - 0x400))

.cybootloader   0x00000000        0x0
 *(.cybootloader)
                0x00000000                appl1_start = CY_APPL_ORIGIN?CY_APPL_ORIGIN:ALIGN (CY_FLASH_ROW_SIZE)
                0x0000ff80                appl2_start = (appl1_start + ALIGN ((((0x20000 - appl1_start) - (0x2 * CY_FLASH_ROW_SIZE)) / 0x2), CY_FLASH_ROW_SIZE))
                0x00000000                appl_start = (CY_APPL_NUM == 0x1)?appl1_start:appl2_start

.text           0x00000000     0x26c4
 CREATE_OBJECT_SYMBOLS
                0x00000000                PROVIDE (__cy_interrupt_vector, RomVectors)
 *(.romvectors)
 .romvectors    0x00000000       0x10 .\CortexM0\ARM_GCC_493\Debug\Cm0Start.o
                0x00000000                RomVectors
                0x00000001                ASSERT ((. != __cy_interrupt_vector), No interrupt vector)
                0x00000001                ASSERT (CY_APPL_ORIGIN?(SIZEOF (.cybootloader) <= CY_APPL_ORIGIN):0x1, Wrong image location)
                0x00000010                PROVIDE (__cy_reset, Reset)
 *(.text.Reset)
 .text.Reset    0x00000010        0x8 .\CortexM0\ARM_GCC_493\Debug\Cm0Start.o
                0x00000010                Reset
                0x00000001                ASSERT ((. != __cy_reset), No reset code)
 *(.psocinit)
 .psocinit      0x00000018      0x238 .\CortexM0\ARM_GCC_493\Debug\BLE Lab 3.a(cyfitter_cfg.o)
                0x000000ec                cyfitter_cfg
                0x00000250                . = MAX (., 0x100)
 *(.text .text.* .gnu.linkonce.t.*)
 .text          0x00000250       0x60 c:/9047software/psoc creator/3.3/psoc creator/import/gnu/arm/4.9.3/bin/../lib/gcc/arm-none-eabi/4.9.3/armv6-m/crtbegin.o
 .text.InitializeSystem
                0x000002b0       0x3c .\CortexM0\ARM_GCC_493\Debug\main.o
 .text.main     0x000002ec       0xe4 .\CortexM0\ARM_GCC_493\Debug\main.o
                0x000002ec                main
 .text.ProcessHeartRateSignal
                0x000003d0       0xb0 .\CortexM0\ARM_GCC_493\Debug\HeartRateProcessing.o
                0x000003d0                ProcessHeartRateSignal
 .text.SendHeartRateOverBLE
                0x00000480       0x58 .\CortexM0\ARM_GCC_493\Debug\BleProcessing.o
                0x00000480                SendHeartRateOverBLE
 .text.HrsEventHandler
                0x000004d8       0x38 .\CortexM0\ARM_GCC_493\Debug\BleProcessing.o
                0x000004d8                HrsEventHandler
 .text.GeneralEventHandler
                0x00000510       0xac .\CortexM0\ARM_GCC_493\Debug\BleProcessing.o
                0x00000510                GeneralEventHandler
 .text.WatchdogTimer_Isr
                0x000005bc       0x20 .\CortexM0\ARM_GCC_493\Debug\WatchdogTimer.o
                0x000005bc                WatchdogTimer_Isr
 .text.WatchdogTimer_Start
                0x000005dc       0x48 .\CortexM0\ARM_GCC_493\Debug\WatchdogTimer.o
                0x000005dc                WatchdogTimer_Start
 .text.WatchdogTimer_GetTimestamp
                0x00000624       0x14 .\CortexM0\ARM_GCC_493\Debug\WatchdogTimer.o
                0x00000624                WatchdogTimer_GetTimestamp
 .text.IntDefaultHandler
                0x00000638        0x8 .\CortexM0\ARM_GCC_493\Debug\Cm0Start.o
                0x00000638                IntDefaultHandler
 .text.Start_c  0x00000640       0x98 .\CortexM0\ARM_GCC_493\Debug\Cm0Start.o
                0x00000640                Start_c
 .text.initialize_psoc
                0x000006d8       0x70 .\CortexM0\ARM_GCC_493\Debug\Cm0Start.o
                0x000006d8                initialize_psoc
 .text.CYMEMZERO
                0x00000748       0x20 .\CortexM0\ARM_GCC_493\Debug\BLE Lab 3.a(cyfitter_cfg.o)
 .text.cfg_write_bytes32
                0x00000768       0x80 .\CortexM0\ARM_GCC_493\Debug\BLE Lab 3.a(cyfitter_cfg.o)
 .text.AnalogSetDefault
                0x000007e8       0x60 .\CortexM0\ARM_GCC_493\Debug\BLE Lab 3.a(cyfitter_cfg.o)
 .text.SetAnalogRoutingPumps
                0x00000848       0x40 .\CortexM0\ARM_GCC_493\Debug\BLE Lab 3.a(cyfitter_cfg.o)
                0x00000848                SetAnalogRoutingPumps
 .text.SW2_Switch_ClearInterrupt
                0x00000888       0x30 .\CortexM0\ARM_GCC_493\Debug\BLE Lab 3.a(SW2_Switch.o)
                0x00000888                SW2_Switch_ClearInterrupt
 .text.Wakeup_ISR_Start
                0x000008b8       0x24 .\CortexM0\ARM_GCC_493\Debug\BLE Lab 3.a(Wakeup_ISR.o)
                0x000008b8                Wakeup_ISR_Start
 .text.Wakeup_ISR_Interrupt
                0x000008dc        0x8 .\CortexM0\ARM_GCC_493\Debug\BLE Lab 3.a(Wakeup_ISR.o)
                0x000008dc                Wakeup_ISR_Interrupt
 .text.Wakeup_ISR_SetVector
                0x000008e4       0x18 .\CortexM0\ARM_GCC_493\Debug\BLE Lab 3.a(Wakeup_ISR.o)
                0x000008e4                Wakeup_ISR_SetVector
 .text.Wakeup_ISR_SetPriority
                0x000008fc       0x50 .\CortexM0\ARM_GCC_493\Debug\BLE Lab 3.a(Wakeup_ISR.o)
                0x000008fc                Wakeup_ISR_SetPriority
 .text.Wakeup_ISR_Enable
                0x0000094c       0x14 .\CortexM0\ARM_GCC_493\Debug\BLE Lab 3.a(Wakeup_ISR.o)
                0x0000094c                Wakeup_ISR_Enable
 .text.Wakeup_ISR_Disable
                0x00000960       0x14 .\CortexM0\ARM_GCC_493\Debug\BLE Lab 3.a(Wakeup_ISR.o)
                0x00000960                Wakeup_ISR_Disable
 .text.Led_Advertising_Green_Write
                0x00000974       0x4c .\CortexM0\ARM_GCC_493\Debug\BLE Lab 3.a(Led_Advertising_Green.o)
                0x00000974                Led_Advertising_Green_Write
 .text.Led_Advertising_Green_SetDriveMode
                0x000009c0       0x30 .\CortexM0\ARM_GCC_493\Debug\BLE Lab 3.a(Led_Advertising_Green.o)
                0x000009c0                Led_Advertising_Green_SetDriveMode
 .text.Led_Connected_Blue_Write
                0x000009f0       0x48 .\CortexM0\ARM_GCC_493\Debug\BLE Lab 3.a(Led_Connected_Blue.o)
                0x000009f0                Led_Connected_Blue_Write
 .text.Led_Connected_Blue_SetDriveMode
                0x00000a38       0x30 .\CortexM0\ARM_GCC_493\Debug\BLE Lab 3.a(Led_Connected_Blue.o)
                0x00000a38                Led_Connected_Blue_SetDriveMode
 .text.CyBle_HrsInit
                0x00000a68        0x8 .\CortexM0\ARM_GCC_493\Debug\BLE Lab 3.a(BLE_hrs.o)
                0x00000a68                CyBle_HrsInit
 .text.CyBle_HrsRegisterAttrCallback
                0x00000a70       0x18 .\CortexM0\ARM_GCC_493\Debug\BLE Lab 3.a(BLE_hrs.o)
                0x00000a70                CyBle_HrsRegisterAttrCallback
 .text.CyBle_HrssGetCharacteristicValue
                0x00000a88       0x98 .\CortexM0\ARM_GCC_493\Debug\BLE Lab 3.a(BLE_hrs.o)
                0x00000a88                CyBle_HrssGetCharacteristicValue
 .text.CyBle_HrssSendNotification
                0x00000b20       0xe4 .\CortexM0\ARM_GCC_493\Debug\BLE Lab 3.a(BLE_hrs.o)
                0x00000b20                CyBle_HrssSendNotification
 .text.CyBle_HrssWriteEventHandler
                0x00000c04      0x118 .\CortexM0\ARM_GCC_493\Debug\BLE Lab 3.a(BLE_hrs.o)
                0x00000c04                CyBle_HrssWriteEventHandler
 .text.CyBle_Init
                0x00000d1c       0x2c .\CortexM0\ARM_GCC_493\Debug\BLE Lab 3.a(BLE.o)
                0x00000d1c                CyBle_Init
 .text.CyBle_ServiceInit
                0x00000d48       0x10 .\CortexM0\ARM_GCC_493\Debug\BLE Lab 3.a(BLE.o)
                0x00000d48                CyBle_ServiceInit
 .text.CyBle_Start
                0x00000d58       0xb8 .\CortexM0\ARM_GCC_493\Debug\BLE Lab 3.a(BLE.o)
                0x00000d58                CyBle_Start
 .text.CyBle_Stop
                0x00000e10       0x18 .\CortexM0\ARM_GCC_493\Debug\BLE Lab 3.a(BLE.o)
                0x00000e10                CyBle_Stop
 .text.CyBle_GappStartAdvertisement
                0x00000e28       0xd4 .\CortexM0\ARM_GCC_493\Debug\BLE Lab 3.a(BLE.o)
                0x00000e28                CyBle_GappStartAdvertisement
 .text.CyBle_ChangeAdDeviceAddress
                0x00000efc       0x60 .\CortexM0\ARM_GCC_493\Debug\BLE Lab 3.a(BLE.o)
                0x00000efc                CyBle_ChangeAdDeviceAddress
 .text.CyBle_Get16ByPtr
                0x00000f5c       0x28 .\CortexM0\ARM_GCC_493\Debug\BLE Lab 3.a(BLE.o)
                0x00000f5c                CyBle_Get16ByPtr
 .text.CyBle_GattsWriteEventHandler
                0x00000f84       0xa0 .\CortexM0\ARM_GCC_493\Debug\BLE Lab 3.a(BLE_gatt.o)
                0x00000f84                CyBle_GattsWriteEventHandler
 .text.CyBle_WriteReqHandler
                0x00001024       0x98 .\CortexM0\ARM_GCC_493\Debug\BLE Lab 3.a(BLE_eventHandler.o)
 .text.CyBle_ValueConfirmation
                0x000010bc       0x10 .\CortexM0\ARM_GCC_493\Debug\BLE Lab 3.a(BLE_eventHandler.o)
 .text.CyBle_GattDisconnectEventHandler
                0x000010cc       0x18 .\CortexM0\ARM_GCC_493\Debug\BLE Lab 3.a(BLE_eventHandler.o)
 .text.CyBle_TimeOutEventHandler
                0x000010e4       0x10 .\CortexM0\ARM_GCC_493\Debug\BLE Lab 3.a(BLE_eventHandler.o)
 .text.CyBle_GattConnectReqHandler
                0x000010f4        0x8 .\CortexM0\ARM_GCC_493\Debug\BLE Lab 3.a(BLE_eventHandler.o)
 .text.CyBle_IsDeviceAddressValid
                0x000010fc       0x60 .\CortexM0\ARM_GCC_493\Debug\BLE Lab 3.a(BLE_eventHandler.o)
 .text.CyBle_L2Cap_ConnParamUpdateRspEventHandler
                0x0000115c       0x14 .\CortexM0\ARM_GCC_493\Debug\BLE Lab 3.a(BLE_eventHandler.o)
 .text.CyBle_GapConnUpdateCompleteEventHandler
                0x00001170       0x10 .\CortexM0\ARM_GCC_493\Debug\BLE Lab 3.a(BLE_eventHandler.o)
 .text.CyBle_EventHandler
                0x00001180      0x2b8 .\CortexM0\ARM_GCC_493\Debug\BLE Lab 3.a(BLE_eventHandler.o)
                0x00001180                CyBle_EventHandler
 .text.CyBle_DisInit
                0x00001438        0x8 .\CortexM0\ARM_GCC_493\Debug\BLE Lab 3.a(BLE_dis.o)
                0x00001438                CyBle_DisInit
 .text.Opamp_Init
                0x00001440       0x34 .\CortexM0\ARM_GCC_493\Debug\BLE Lab 3.a(Opamp.o)
                0x00001440                Opamp_Init
 .text.Opamp_Enable
                0x00001474       0x24 .\CortexM0\ARM_GCC_493\Debug\BLE Lab 3.a(Opamp.o)
                0x00001474                Opamp_Enable
 .text.Opamp_Start
                0x00001498       0x24 .\CortexM0\ARM_GCC_493\Debug\BLE Lab 3.a(Opamp.o)
                0x00001498                Opamp_Start
 .text.ADC_Start
                0x000014bc       0x24 .\CortexM0\ARM_GCC_493\Debug\BLE Lab 3.a(ADC.o)
                0x000014bc                ADC_Start
 .text.ADC_Init
                0x000014e0      0x1c4 .\CortexM0\ARM_GCC_493\Debug\BLE Lab 3.a(ADC.o)
                0x000014e0                ADC_Init
 .text.ADC_Enable
                0x000016a4       0x38 .\CortexM0\ARM_GCC_493\Debug\BLE Lab 3.a(ADC.o)
                0x000016a4                ADC_Enable
 .text.ADC_Stop
                0x000016dc       0x18 .\CortexM0\ARM_GCC_493\Debug\BLE Lab 3.a(ADC.o)
                0x000016dc                ADC_Stop
 .text.ADC_StartConvert
                0x000016f4       0x14 .\CortexM0\ARM_GCC_493\Debug\BLE Lab 3.a(ADC.o)
                0x000016f4                ADC_StartConvert
 .text.ADC_StopConvert
                0x00001708        0x8 .\CortexM0\ARM_GCC_493\Debug\BLE Lab 3.a(ADC.o)
                0x00001708                ADC_StopConvert
 .text.ADC_IsEndConversion
                0x00001710       0x48 .\CortexM0\ARM_GCC_493\Debug\BLE Lab 3.a(ADC.o)
                0x00001710                ADC_IsEndConversion
 .text.ADC_GetResult16
                0x00001758       0x44 .\CortexM0\ARM_GCC_493\Debug\BLE Lab 3.a(ADC.o)
                0x00001758                ADC_GetResult16
 .text.ADC_Sleep
                0x0000179c       0x84 .\CortexM0\ARM_GCC_493\Debug\BLE Lab 3.a(ADC_PM.o)
                0x0000179c                ADC_Sleep
 .text.ADC_Wakeup
                0x00001820       0x58 .\CortexM0\ARM_GCC_493\Debug\BLE Lab 3.a(ADC_PM.o)
                0x00001820                ADC_Wakeup
 .text.ADC_ISR  0x00001878       0x1c .\CortexM0\ARM_GCC_493\Debug\BLE Lab 3.a(ADC_INT.o)
                0x00001878                ADC_ISR
 *fill*         0x00001894        0x4 
 .text          0x00001898       0x20 .\CortexM0\ARM_GCC_493\Debug\BLE Lab 3.a(CyBootAsmGnu.o)
                0x00001898                CyDelayCycles
                0x000018aa                CyEnterCriticalSection
                0x000018b2                CyExitCriticalSection
 .text.CySysClkWriteSysclkDiv
                0x000018b8       0x44 .\CortexM0\ARM_GCC_493\Debug\BLE Lab 3.a(CyLib.o)
                0x000018b8                CySysClkWriteSysclkDiv
 .text.CySysClkWriteImoFreq
                0x000018fc       0x98 .\CortexM0\ARM_GCC_493\Debug\BLE Lab 3.a(CyLib.o)
                0x000018fc                CySysClkWriteImoFreq
 .text.CySysClkEcoStart
                0x00001994       0x74 .\CortexM0\ARM_GCC_493\Debug\BLE Lab 3.a(CyLib.o)
                0x00001994                CySysClkEcoStart
 .text.CySysClkEcoReadStatus
                0x00001a08       0x18 .\CortexM0\ARM_GCC_493\Debug\BLE Lab 3.a(CyLib.o)
                0x00001a08                CySysClkEcoReadStatus
 .text.CyIntSetVector
                0x00001a20       0x4c .\CortexM0\ARM_GCC_493\Debug\BLE Lab 3.a(CyLib.o)
                0x00001a20                CyIntSetVector
 .text.CyIntSetPriority
                0x00001a6c       0xa8 .\CortexM0\ARM_GCC_493\Debug\BLE Lab 3.a(CyLib.o)
                0x00001a6c                CyIntSetPriority
 .text.CyIntEnable
                0x00001b14       0x28 .\CortexM0\ARM_GCC_493\Debug\BLE Lab 3.a(CyLib.o)
                0x00001b14                CyIntEnable
 .text.CyHalt   0x00001b3c       0x14 .\CortexM0\ARM_GCC_493\Debug\BLE Lab 3.a(CyLib.o)
                0x00001b3c                CyHalt
 .text.CyDelay  0x00001b50       0x48 .\CortexM0\ARM_GCC_493\Debug\BLE Lab 3.a(CyLib.o)
                0x00001b50                CyDelay
 .text.CyDelayUs
                0x00001b98       0x28 .\CortexM0\ARM_GCC_493\Debug\BLE Lab 3.a(CyLib.o)
                0x00001b98                CyDelayUs
 .text.CySysPmSleep
                0x00001bc0       0x34 .\CortexM0\ARM_GCC_493\Debug\BLE Lab 3.a(cyPm.o)
                0x00001bc0                CySysPmSleep
 .text.CySysPmDeepSleep
                0x00001bf4       0x6c .\CortexM0\ARM_GCC_493\Debug\BLE Lab 3.a(cyPm.o)
                0x00001bf4                CySysPmDeepSleep
 .text.CySysPmHibernate
                0x00001c60       0x6c .\CortexM0\ARM_GCC_493\Debug\BLE Lab 3.a(cyPm.o)
                0x00001c60                CySysPmHibernate
 .text.CySysClkWcoSetHighPowerMode
                0x00001ccc       0x48 .\CortexM0\ARM_GCC_493\Debug\BLE Lab 3.a(CyLFClk.o)
 .text.CySysClkWcoSetLowPowerMode
                0x00001d14       0x48 .\CortexM0\ARM_GCC_493\Debug\BLE Lab 3.a(CyLFClk.o)
 .text.CySysClkWcoStart
                0x00001d5c       0x20 .\CortexM0\ARM_GCC_493\Debug\BLE Lab 3.a(CyLFClk.o)
                0x00001d5c                CySysClkWcoStart
 .text.CySysClkWcoSetPowerMode
                0x00001d7c       0x40 .\CortexM0\ARM_GCC_493\Debug\BLE Lab 3.a(CyLFClk.o)
                0x00001d7c                CySysClkWcoSetPowerMode
 .text.CySysWdtLock
                0x00001dbc       0x34 .\CortexM0\ARM_GCC_493\Debug\BLE Lab 3.a(CyLFClk.o)
                0x00001dbc                CySysWdtLock
 .text.CySysWdtLocked
                0x00001df0       0x20 .\CortexM0\ARM_GCC_493\Debug\BLE Lab 3.a(CyLFClk.o)
 .text.CySysWdtUnlock
                0x00001e10       0x4c .\CortexM0\ARM_GCC_493\Debug\BLE Lab 3.a(CyLFClk.o)
                0x00001e10                CySysWdtUnlock
 .text.CySysWdtGetEnabledStatus
                0x00001e5c       0x30 .\CortexM0\ARM_GCC_493\Debug\BLE Lab 3.a(CyLFClk.o)
                0x00001e5c                CySysWdtGetEnabledStatus
 .text.CySysWdtSetMode
                0x00001e8c       0x58 .\CortexM0\ARM_GCC_493\Debug\BLE Lab 3.a(CyLFClk.o)
                0x00001e8c                CySysWdtSetMode
 .text.CySysWdtSetClearOnMatch
                0x00001ee4       0x6c .\CortexM0\ARM_GCC_493\Debug\BLE Lab 3.a(CyLFClk.o)
                0x00001ee4                CySysWdtSetClearOnMatch
 .text.CySysWdtEnable
                0x00001f50       0x60 .\CortexM0\ARM_GCC_493\Debug\BLE Lab 3.a(CyLFClk.o)
                0x00001f50                CySysWdtEnable
 .text.CySysWdtSetMatch
                0x00001fb0       0x90 .\CortexM0\ARM_GCC_493\Debug\BLE Lab 3.a(CyLFClk.o)
                0x00001fb0                CySysWdtSetMatch
 .text.CySysWdtClearInterrupt
                0x00002040       0x70 .\CortexM0\ARM_GCC_493\Debug\BLE Lab 3.a(CyLFClk.o)
                0x00002040                CySysWdtClearInterrupt
 .text.CyBLE_Bless_LlRegWrite
                0x000020b0       0x1c .\CortexM0\ARM_GCC_493\Debug\BLE Lab 3.a(BLE_HAL_PVT.o)
                0x000020b0                CyBLE_Bless_LlRegWrite
 .text.CyBLE_Bless_RfRegWrite
                0x000020cc       0x1c .\CortexM0\ARM_GCC_493\Debug\BLE Lab 3.a(BLE_HAL_PVT.o)
                0x000020cc                CyBLE_Bless_RfRegWrite
 .text.CyBLE_BlessDeviceConfig
                0x000020e8      0x110 .\CortexM0\ARM_GCC_493\Debug\BLE Lab 3.a(BLE_HAL_PVT.o)
                0x000020e8                CyBLE_BlessDeviceConfig
 .text.CyBleHal_DelayUs
                0x000021f8       0x1c .\CortexM0\ARM_GCC_493\Debug\BLE Lab 3.a(BLE_HAL_PVT.o)
                0x000021f8                CyBleHal_DelayUs
 .text.CyBleHal_DelayMs
                0x00002214       0x18 .\CortexM0\ARM_GCC_493\Debug\BLE Lab 3.a(BLE_HAL_PVT.o)
                0x00002214                CyBleHal_DelayMs
 .text.CyBleHal_EnableGlobalInterrupts
                0x0000222c        0xc .\CortexM0\ARM_GCC_493\Debug\BLE Lab 3.a(BLE_HAL_PVT.o)
                0x0000222c                CyBleHal_EnableGlobalInterrupts
 .text.CyBleHal_DisableGlobalInterrupts
                0x00002238        0xc .\CortexM0\ARM_GCC_493\Debug\BLE Lab 3.a(BLE_HAL_PVT.o)
                0x00002238                CyBleHal_DisableGlobalInterrupts
 .text.CyBle_HalInit
                0x00002244       0x20 .\CortexM0\ARM_GCC_493\Debug\BLE Lab 3.a(BLE_HAL_PVT.o)
                0x00002244                CyBle_HalInit
 .text.CYBLE_BlessStart
                0x00002264       0x14 .\CortexM0\ARM_GCC_493\Debug\BLE Lab 3.a(BLE_HAL_PVT.o)
                0x00002264                CYBLE_BlessStart
 .text.BLE_bless_isr_StartEx
                0x00002278       0x24 .\CortexM0\ARM_GCC_493\Debug\BLE Lab 3.a(BLE_bless_isr.o)
                0x00002278                BLE_bless_isr_StartEx
 .text.BLE_bless_isr_SetVector
                0x0000229c       0x18 .\CortexM0\ARM_GCC_493\Debug\BLE Lab 3.a(BLE_bless_isr.o)
                0x0000229c                BLE_bless_isr_SetVector
 .text.BLE_bless_isr_SetPriority
                0x000022b4       0x4c .\CortexM0\ARM_GCC_493\Debug\BLE Lab 3.a(BLE_bless_isr.o)
                0x000022b4                BLE_bless_isr_SetPriority
 .text.BLE_bless_isr_Enable
                0x00002300       0x14 .\CortexM0\ARM_GCC_493\Debug\BLE Lab 3.a(BLE_bless_isr.o)
                0x00002300                BLE_bless_isr_Enable
 .text.BLE_bless_isr_Disable
                0x00002314       0x14 .\CortexM0\ARM_GCC_493\Debug\BLE Lab 3.a(BLE_bless_isr.o)
                0x00002314                BLE_bless_isr_Disable
 .text.CyBLE_Bless_Interrupt
                0x00002328        0xc .\CortexM0\ARM_GCC_493\Debug\BLE Lab 3.a(BLE_HAL_INT.o)
                0x00002328                CyBLE_Bless_Interrupt
 .text          0x00002334      0x120 c:/9047software/psoc creator/3.3/psoc creator/import/gnu/arm/4.9.3/bin/../lib/gcc/arm-none-eabi/4.9.3/armv6-m\libgcc.a(_udivsi3.o)
                0x00002334                __aeabi_uidiv
                0x00002334                __udivsi3
                0x00002440                __aeabi_uidivmod
 .text          0x00002454      0x1e0 c:/9047software/psoc creator/3.3/psoc creator/import/gnu/arm/4.9.3/bin/../lib/gcc/arm-none-eabi/4.9.3/armv6-m\libgcc.a(_divsi3.o)
                0x00002454                __divsi3
                0x00002454                __aeabi_idiv
                0x00002620                __aeabi_idivmod
 .text          0x00002634        0x4 c:/9047software/psoc creator/3.3/psoc creator/import/gnu/arm/4.9.3/bin/../lib/gcc/arm-none-eabi/4.9.3/armv6-m\libgcc.a(_dvmd_tls.o)
                0x00002634                __aeabi_idiv0
                0x00002634                __aeabi_ldiv0
 .text.__libc_init_array
                0x00002638       0x4c c:/9047software/psoc creator/3.3/psoc creator/import/gnu/arm/4.9.3/bin/../lib/gcc/arm-none-eabi/4.9.3/../../../../arm-none-eabi/lib/armv6-m\libg_nano.a(lib_a-init.o)
                0x00002638                __libc_init_array
 .text.memcmp   0x00002684       0x1e c:/9047software/psoc creator/3.3/psoc creator/import/gnu/arm/4.9.3/bin/../lib/gcc/arm-none-eabi/4.9.3/../../../../arm-none-eabi/lib/armv6-m\libg_nano.a(lib_a-memcmp.o)
                0x00002684                memcmp
 .text.memcpy   0x000026a2       0x12 c:/9047software/psoc creator/3.3/psoc creator/import/gnu/arm/4.9.3/bin/../lib/gcc/arm-none-eabi/4.9.3/../../../../arm-none-eabi/lib/armv6-m\libg_nano.a(lib_a-memcpy.o)
                0x000026a2                memcpy
 .text.memset   0x000026b4       0x10 c:/9047software/psoc creator/3.3/psoc creator/import/gnu/arm/4.9.3/bin/../lib/gcc/arm-none-eabi/4.9.3/../../../../arm-none-eabi/lib/armv6-m\libg_nano.a(lib_a-memset.o)
                0x000026b4                memset
 *(.plt)
 *(.gnu.warning)
 *(.glue_7t)
 .glue_7t       0x00000000        0x0 linker stubs
 *(.glue_7)
 .glue_7        0x00000000        0x0 linker stubs
 *(.vfp11_veneer)
 .vfp11_veneer  0x00000000        0x0 linker stubs
 *(.bootloader)
 *(.ARM.extab* .gnu.linkonce.armextab.*)
 *(.gcc_except_table)

.v4_bx          0x000026c4        0x0
 .v4_bx         0x00000000        0x0 linker stubs

.iplt           0x000026c4        0x0
 .iplt          0x00000000        0x0 c:/9047software/psoc creator/3.3/psoc creator/import/gnu/arm/4.9.3/bin/../lib/gcc/arm-none-eabi/4.9.3/armv6-m/crtbegin.o

i.CyBle_EnterLPM
                0x000026c4        0x8
 i.CyBle_EnterLPM
                0x000026c4        0x8 C:\9047software\PSoC Creator\3.3\PSoC Creator\psoc\content\cycomponentlibrary\CyComponentLibrary.cylib\BLE_v2_0\Library\gccCyBLEStack_BLE_SOC_PERIPHERAL.a(CyBle.o)
                0x000026c4                CyBle_EnterLPM

i.CyBle_ExitLPM
                0x000026cc        0x8
 i.CyBle_ExitLPM
                0x000026cc        0x8 C:\9047software\PSoC Creator\3.3\PSoC Creator\psoc\content\cycomponentlibrary\CyComponentLibrary.cylib\BLE_v2_0\Library\gccCyBLEStack_BLE_SOC_PERIPHERAL.a(CyBle.o)
                0x000026cc                CyBle_ExitLPM

i.CyBle_ProcessEvents
                0x000026d4        0x8
 i.CyBle_ProcessEvents
                0x000026d4        0x8 C:\9047software\PSoC Creator\3.3\PSoC Creator\psoc\content\cycomponentlibrary\CyComponentLibrary.cylib\BLE_v2_0\Library\gccCyBLEStack_BLE_SOC_PERIPHERAL.a(CyBle.o)
                0x000026d4                CyBle_ProcessEvents

i.CyBle_SetDeviceAddress
                0x000026dc       0x24
 i.CyBle_SetDeviceAddress
                0x000026dc       0x24 C:\9047software\PSoC Creator\3.3\PSoC Creator\psoc\content\cycomponentlibrary\CyComponentLibrary.cylib\BLE_v2_0\Library\gccCyBLEStack_BLE_SOC_PERIPHERAL.a(CyBle.o)
                0x000026dc                CyBle_SetDeviceAddress

i.CyBle_Shutdown
                0x00002700       0x24
 i.CyBle_Shutdown
                0x00002700       0x24 C:\9047software\PSoC Creator\3.3\PSoC Creator\psoc\content\cycomponentlibrary\CyComponentLibrary.cylib\BLE_v2_0\Library\gccCyBLEStack_BLE_SOC_PERIPHERAL.a(CyBle.o)
                0x00002700                CyBle_Shutdown

i.CyBle_StackInit
                0x00002724       0x80
 i.CyBle_StackInit
                0x00002724       0x80 C:\9047software\PSoC Creator\3.3\PSoC Creator\psoc\content\cycomponentlibrary\CyComponentLibrary.cylib\BLE_v2_0\Library\gccCyBLEStack_BLE_SOC_PERIPHERAL.a(CyBle.o)
                0x00002724                CyBle_StackInit

i.CyBleStackMgr_Init
                0x000027a4       0xb4
 i.CyBleStackMgr_Init
                0x000027a4       0xb4 C:\9047software\PSoC Creator\3.3\PSoC Creator\psoc\content\cycomponentlibrary\CyComponentLibrary.cylib\BLE_v2_0\Library\gccCyBLEStack_BLE_SOC_PERIPHERAL.a(CyBleStackMgrIP_Interface.o)
                0x000027a4                CyBleStackMgr_Init

i.CyBleStackMgr_ProcessBleEvents
                0x00002858       0x14
 i.CyBleStackMgr_ProcessBleEvents
                0x00002858       0x14 C:\9047software\PSoC Creator\3.3\PSoC Creator\psoc\content\cycomponentlibrary\CyComponentLibrary.cylib\BLE_v2_0\Library\gccCyBLEStack_BLE_SOC_PERIPHERAL.a(CyBleStackMgrIP_Interface.o)
                0x00002858                CyBleStackMgr_ProcessBleEvents

i.CyBleStackMgr_Reset
                0x0000286c       0x34
 i.CyBleStackMgr_Reset
                0x0000286c       0x34 C:\9047software\PSoC Creator\3.3\PSoC Creator\psoc\content\cycomponentlibrary\CyComponentLibrary.cylib\BLE_v2_0\Library\gccCyBLEStack_BLE_SOC_PERIPHERAL.a(CyBleStackMgrIP_Interface.o)
                0x0000286c                CyBleStackMgr_Reset

i.CyBleStackMgr_Shutdown
                0x000028a0       0x24
 i.CyBleStackMgr_Shutdown
                0x000028a0       0x24 C:\9047software\PSoC Creator\3.3\PSoC Creator\psoc\content\cycomponentlibrary\CyComponentLibrary.cylib\BLE_v2_0\Library\gccCyBLEStack_BLE_SOC_PERIPHERAL.a(CyBleStackMgrIP_Interface.o)
                0x000028a0                CyBleStackMgr_Shutdown

i.CyBle_GetHeapMemory
                0x000028c4       0x28
 i.CyBle_GetHeapMemory
                0x000028c4       0x28 C:\9047software\PSoC Creator\3.3\PSoC Creator\psoc\content\cycomponentlibrary\CyComponentLibrary.cylib\BLE_v2_0\Library\gccCyBLEStack_BLE_SOC_PERIPHERAL.a(CyBleStackMgrIP_Interface.o)
                0x000028c4                CyBle_GetHeapMemory

i.CyBle_GetNumAppBufferPools
                0x000028ec        0xc
 i.CyBle_GetNumAppBufferPools
                0x000028ec        0xc C:\9047software\PSoC Creator\3.3\PSoC Creator\psoc\content\cycomponentlibrary\CyComponentLibrary.cylib\BLE_v2_0\Library\gccCyBLEStack_BLE_SOC_PERIPHERAL.a(CyBleStackMgrIP_Interface.o)
                0x000028ec                CyBle_GetNumAppBufferPools

i.CyBle_GetReservedPoolInfo
                0x000028f8       0x3c
 i.CyBle_GetReservedPoolInfo
                0x000028f8       0x3c C:\9047software\PSoC Creator\3.3\PSoC Creator\psoc\content\cycomponentlibrary\CyComponentLibrary.cylib\BLE_v2_0\Library\gccCyBLEStack_BLE_SOC_PERIPHERAL.a(CyBleStackMgrIP_Interface.o)
                0x000028f8                CyBle_GetReservedPoolInfo

i.CyBle_HostStackBufferPoolInit
                0x00002934       0x7c
 i.CyBle_HostStackBufferPoolInit
                0x00002934       0x7c C:\9047software\PSoC Creator\3.3\PSoC Creator\psoc\content\cycomponentlibrary\CyComponentLibrary.cylib\BLE_v2_0\Library\gccCyBLEStack_BLE_SOC_PERIPHERAL.a(CyBleStackMgrIP_Interface.o)

i.ble_stack_idle_task_callback
                0x000029b0        0x2
 i.ble_stack_idle_task_callback
                0x000029b0        0x2 C:\9047software\PSoC Creator\3.3\PSoC Creator\psoc\content\cycomponentlibrary\CyComponentLibrary.cylib\BLE_v2_0\Library\gccCyBLEStack_BLE_SOC_PERIPHERAL.a(CyBleStackMgrIP_Interface.o)
                0x000029b0                ble_stack_idle_task_callback

i.BT_OSFreeBuf  0x000029b4       0x20
 i.BT_OSFreeBuf
                0x000029b4       0x20 C:\9047software\PSoC Creator\3.3\PSoC Creator\psoc\content\cycomponentlibrary\CyComponentLibrary.cylib\BLE_v2_0\Library\gccCyBLEStack_BLE_SOC_PERIPHERAL.a(BT_os.o)
                0x000029b4                BT_OSFreeBuf

i.BT_OSGetBuF   0x000029d4       0x30
 i.BT_OSGetBuF  0x000029d4       0x30 C:\9047software\PSoC Creator\3.3\PSoC Creator\psoc\content\cycomponentlibrary\CyComponentLibrary.cylib\BLE_v2_0\Library\gccCyBLEStack_BLE_SOC_PERIPHERAL.a(BT_os.o)
                0x000029d4                BT_OSGetBuF

i.BT_OSMemCreate
                0x00002a04       0x3c
 i.BT_OSMemCreate
                0x00002a04       0x3c C:\9047software\PSoC Creator\3.3\PSoC Creator\psoc\content\cycomponentlibrary\CyComponentLibrary.cylib\BLE_v2_0\Library\gccCyBLEStack_BLE_SOC_PERIPHERAL.a(BT_os.o)
                0x00002a04                BT_OSMemCreate

i.BT_alloc_mem_ext
                0x00002a40       0x40
 i.BT_alloc_mem_ext
                0x00002a40       0x40 C:\9047software\PSoC Creator\3.3\PSoC Creator\psoc\content\cycomponentlibrary\CyComponentLibrary.cylib\BLE_v2_0\Library\gccCyBLEStack_BLE_SOC_PERIPHERAL.a(BT_os.o)
                0x00002a40                BT_alloc_mem_ext

i.BT_buff_alloc_from_cfg_pool_ext
                0x00002a80       0x18
 i.BT_buff_alloc_from_cfg_pool_ext
                0x00002a80       0x18 C:\9047software\PSoC Creator\3.3\PSoC Creator\psoc\content\cycomponentlibrary\CyComponentLibrary.cylib\BLE_v2_0\Library\gccCyBLEStack_BLE_SOC_PERIPHERAL.a(BT_os.o)
                0x00002a80                BT_buff_alloc_from_cfg_pool_ext

i.BT_free_mem   0x00002a98        0xc
 i.BT_free_mem  0x00002a98        0xc C:\9047software\PSoC Creator\3.3\PSoC Creator\psoc\content\cycomponentlibrary\CyComponentLibrary.cylib\BLE_v2_0\Library\gccCyBLEStack_BLE_SOC_PERIPHERAL.a(BT_os.o)
                0x00002a98                BT_free_mem

i.bt_stack_create_buffer_pool
                0x00002aa4       0x30
 i.bt_stack_create_buffer_pool
                0x00002aa4       0x30 C:\9047software\PSoC Creator\3.3\PSoC Creator\psoc\content\cycomponentlibrary\CyComponentLibrary.cylib\BLE_v2_0\Library\gccCyBLEStack_BLE_SOC_PERIPHERAL.a(BT_os.o)
                0x00002aa4                bt_stack_create_buffer_pool

i.bt_stack_reset_buffer_pool
                0x00002ad4       0x28
 i.bt_stack_reset_buffer_pool
                0x00002ad4       0x28 C:\9047software\PSoC Creator\3.3\PSoC Creator\psoc\content\cycomponentlibrary\CyComponentLibrary.cylib\BLE_v2_0\Library\gccCyBLEStack_BLE_SOC_PERIPHERAL.a(BT_os.o)
                0x00002ad4                bt_stack_reset_buffer_pool

i.CyBle_CheckBleStackTaskStatus
                0x00002afc        0x4
 i.CyBle_CheckBleStackTaskStatus
                0x00002afc        0x4 C:\9047software\PSoC Creator\3.3\PSoC Creator\psoc\content\cycomponentlibrary\CyComponentLibrary.cylib\BLE_v2_0\Library\gccCyBLEStack_BLE_SOC_PERIPHERAL.a(CyBleStackMgr_StackTaskHandler.o)
                0x00002afc                CyBle_CheckBleStackTaskStatus

i.CyBle_CreateBleStackTask
                0x00002b00       0x2c
 i.CyBle_CreateBleStackTask
                0x00002b00       0x2c C:\9047software\PSoC Creator\3.3\PSoC Creator\psoc\content\cycomponentlibrary\CyComponentLibrary.cylib\BLE_v2_0\Library\gccCyBLEStack_BLE_SOC_PERIPHERAL.a(CyBleStackMgr_StackTaskHandler.o)
                0x00002b00                CyBle_CreateBleStackTask

i.CyBle_SignalBleStackTask
                0x00002b2c       0x50
 i.CyBle_SignalBleStackTask
                0x00002b2c       0x50 C:\9047software\PSoC Creator\3.3\PSoC Creator\psoc\content\cycomponentlibrary\CyComponentLibrary.cylib\BLE_v2_0\Library\gccCyBLEStack_BLE_SOC_PERIPHERAL.a(CyBleStackMgr_StackTaskHandler.o)
                0x00002b2c                CyBle_SignalBleStackTask

i.CyBle_StackTaskHandler
                0x00002b7c       0x5c
 i.CyBle_StackTaskHandler
                0x00002b7c       0x5c C:\9047software\PSoC Creator\3.3\PSoC Creator\psoc\content\cycomponentlibrary\CyComponentLibrary.cylib\BLE_v2_0\Library\gccCyBLEStack_BLE_SOC_PERIPHERAL.a(CyBleStackMgr_StackTaskHandler.o)
                0x00002b7c                CyBle_StackTaskHandler

i.__ARM_common_switch8
                0x00002bd8       0x1a
 i.__ARM_common_switch8
                0x00002bd8       0x1a C:\9047software\PSoC Creator\3.3\PSoC Creator\psoc\content\cycomponentlibrary\CyComponentLibrary.cylib\BLE_v2_0\Library\gccCyBLEStack_BLE_SOC_PERIPHERAL.a(CyBleStackMgr_StackTaskHandler.o)
                0x00002bd8                __ARM_common_switch8

i.hci_soft_transport_notify_data_received
                0x00002bf4        0xc
 i.hci_soft_transport_notify_data_received
                0x00002bf4        0xc C:\9047software\PSoC Creator\3.3\PSoC Creator\psoc\content\cycomponentlibrary\CyComponentLibrary.cylib\BLE_v2_0\Library\gccCyBLEStack_BLE_SOC_PERIPHERAL.a(transport_sf.o)
                0x00002bf4                hci_soft_transport_notify_data_received

i.hci_soft_transport_rx_data
                0x00002c00       0x40
 i.hci_soft_transport_rx_data
                0x00002c00       0x40 C:\9047software\PSoC Creator\3.3\PSoC Creator\psoc\content\cycomponentlibrary\CyComponentLibrary.cylib\BLE_v2_0\Library\gccCyBLEStack_BLE_SOC_PERIPHERAL.a(transport_sf.o)
                0x00002c00                hci_soft_transport_rx_data

i.hci_transport_bt_init
                0x00002c40        0x2
 i.hci_transport_bt_init
                0x00002c40        0x2 C:\9047software\PSoC Creator\3.3\PSoC Creator\psoc\content\cycomponentlibrary\CyComponentLibrary.cylib\BLE_v2_0\Library\gccCyBLEStack_BLE_SOC_PERIPHERAL.a(transport_sf.o)
                0x00002c40                hci_transport_bt_init

i.hci_transport_bt_shutdown
                0x00002c42        0x2
 i.hci_transport_bt_shutdown
                0x00002c42        0x2 C:\9047software\PSoC Creator\3.3\PSoC Creator\psoc\content\cycomponentlibrary\CyComponentLibrary.cylib\BLE_v2_0\Library\gccCyBLEStack_BLE_SOC_PERIPHERAL.a(transport_sf.o)
                0x00002c42                hci_transport_bt_shutdown

i.hci_transport_init
                0x00002c44       0x10
 i.hci_transport_init
                0x00002c44       0x10 C:\9047software\PSoC Creator\3.3\PSoC Creator\psoc\content\cycomponentlibrary\CyComponentLibrary.cylib\BLE_v2_0\Library\gccCyBLEStack_BLE_SOC_PERIPHERAL.a(transport_sf.o)
                0x00002c44                hci_transport_init

i.hci_transport_write_data
                0x00002c54       0xd4
 i.hci_transport_write_data
                0x00002c54       0xd4 C:\9047software\PSoC Creator\3.3\PSoC Creator\psoc\content\cycomponentlibrary\CyComponentLibrary.cylib\BLE_v2_0\Library\gccCyBLEStack_BLE_SOC_PERIPHERAL.a(transport_sf.o)
                0x00002c54                hci_transport_write_data

i.pf_hci_soft_transport_write
                0x00002d28       0x44
 i.pf_hci_soft_transport_write
                0x00002d28       0x44 C:\9047software\PSoC Creator\3.3\PSoC Creator\psoc\content\cycomponentlibrary\CyComponentLibrary.cylib\BLE_v2_0\Library\gccCyBLEStack_BLE_SOC_PERIPHERAL.a(transport_sf.o)
                0x00002d28                pf_hci_soft_transport_write

i.pf_soft_hci_transport_init
                0x00002d6c        0xc
 i.pf_soft_hci_transport_init
                0x00002d6c        0xc C:\9047software\PSoC Creator\3.3\PSoC Creator\psoc\content\cycomponentlibrary\CyComponentLibrary.cylib\BLE_v2_0\Library\gccCyBLEStack_BLE_SOC_PERIPHERAL.a(transport_sf.o)
                0x00002d6c                pf_soft_hci_transport_init

i.CyBleStackMgr_GetTime
                0x00002d78       0x14
 i.CyBleStackMgr_GetTime
                0x00002d78       0x14 C:\9047software\PSoC Creator\3.3\PSoC Creator\psoc\content\cycomponentlibrary\CyComponentLibrary.cylib\BLE_v2_0\Library\gccCyBLEStack_BLE_SOC_PERIPHERAL.a(CyBleStackMgr_PSoCHal.o)
                0x00002d78                CyBleStackMgr_GetTime

i.CyBleStackMgr_HalInit
                0x00002d8c       0x24
 i.CyBleStackMgr_HalInit
                0x00002d8c       0x24 C:\9047software\PSoC Creator\3.3\PSoC Creator\psoc\content\cycomponentlibrary\CyComponentLibrary.cylib\BLE_v2_0\Library\gccCyBLEStack_BLE_SOC_PERIPHERAL.a(CyBleStackMgr_PSoCHal.o)
                0x00002d8c                CyBleStackMgr_HalInit

i.CyBleStackMgr_HalIntrEnable
                0x00002db0        0x8
 i.CyBleStackMgr_HalIntrEnable
                0x00002db0        0x8 C:\9047software\PSoC Creator\3.3\PSoC Creator\psoc\content\cycomponentlibrary\CyComponentLibrary.cylib\BLE_v2_0\Library\gccCyBLEStack_BLE_SOC_PERIPHERAL.a(CyBleStackMgr_PSoCHal.o)
                0x00002db0                CyBleStackMgr_HalIntrEnable

i.CyBleStackMgr_HalReset
                0x00002db8        0x4
 i.CyBleStackMgr_HalReset
                0x00002db8        0x4 C:\9047software\PSoC Creator\3.3\PSoC Creator\psoc\content\cycomponentlibrary\CyComponentLibrary.cylib\BLE_v2_0\Library\gccCyBLEStack_BLE_SOC_PERIPHERAL.a(CyBleStackMgr_PSoCHal.o)
                0x00002db8                CyBleStackMgr_HalReset

i.CyBleStackMgr_HandleLinkLayerTick
                0x00002dbc       0x5c
 i.CyBleStackMgr_HandleLinkLayerTick
                0x00002dbc       0x5c C:\9047software\PSoC Creator\3.3\PSoC Creator\psoc\content\cycomponentlibrary\CyComponentLibrary.cylib\BLE_v2_0\Library\gccCyBLEStack_BLE_SOC_PERIPHERAL.a(CyBleStackMgr_PSoCHal.o)
                0x00002dbc                CyBleStackMgr_HandleLinkLayerTick

i.CyBleStackMgr_HciPortInit
                0x00002e18        0xc
 i.CyBleStackMgr_HciPortInit
                0x00002e18        0xc C:\9047software\PSoC Creator\3.3\PSoC Creator\psoc\content\cycomponentlibrary\CyComponentLibrary.cylib\BLE_v2_0\Library\gccCyBLEStack_BLE_SOC_PERIPHERAL.a(CyBleStackMgr_PSoCHal.o)
                0x00002e18                CyBleStackMgr_HciPortInit

i.CyBleStackMgr_HciPortReset
                0x00002e24        0x2
 i.CyBleStackMgr_HciPortReset
                0x00002e24        0x2 C:\9047software\PSoC Creator\3.3\PSoC Creator\psoc\content\cycomponentlibrary\CyComponentLibrary.cylib\BLE_v2_0\Library\gccCyBLEStack_BLE_SOC_PERIPHERAL.a(CyBleStackMgr_PSoCHal.o)
                0x00002e24                CyBleStackMgr_HciPortReset

i.CyBleStackMgr_HciPortWrite
                0x00002e26        0x8
 i.CyBleStackMgr_HciPortWrite
                0x00002e26        0x8 C:\9047software\PSoC Creator\3.3\PSoC Creator\psoc\content\cycomponentlibrary\CyComponentLibrary.cylib\BLE_v2_0\Library\gccCyBLEStack_BLE_SOC_PERIPHERAL.a(CyBleStackMgr_PSoCHal.o)
                0x00002e26                CyBleStackMgr_HciPortWrite

i.CyBleStackMgr_ResetLinkLayerTimerEntity
                0x00002e30       0x14
 i.CyBleStackMgr_ResetLinkLayerTimerEntity
                0x00002e30       0x14 C:\9047software\PSoC Creator\3.3\PSoC Creator\psoc\content\cycomponentlibrary\CyComponentLibrary.cylib\BLE_v2_0\Library\gccCyBLEStack_BLE_SOC_PERIPHERAL.a(CyBleStackMgr_PSoCHal.o)
                0x00002e30                CyBleStackMgr_ResetLinkLayerTimerEntity

i.CyBleStackMgr_TimerStart
                0x00002e44       0x2c
 i.CyBleStackMgr_TimerStart
                0x00002e44       0x2c C:\9047software\PSoC Creator\3.3\PSoC Creator\psoc\content\cycomponentlibrary\CyComponentLibrary.cylib\BLE_v2_0\Library\gccCyBLEStack_BLE_SOC_PERIPHERAL.a(CyBleStackMgr_PSoCHal.o)
                0x00002e44                CyBleStackMgr_TimerStart

i.CyBleStackMgr_TimerStop
                0x00002e70       0x18
 i.CyBleStackMgr_TimerStop
                0x00002e70       0x18 C:\9047software\PSoC Creator\3.3\PSoC Creator\psoc\content\cycomponentlibrary\CyComponentLibrary.cylib\BLE_v2_0\Library\gccCyBLEStack_BLE_SOC_PERIPHERAL.a(CyBleStackMgr_PSoCHal.o)
                0x00002e70                CyBleStackMgr_TimerStop

i.CyBleStackMgr_isTimerRunning
                0x00002e88       0x10
 i.CyBleStackMgr_isTimerRunning
                0x00002e88       0x10 C:\9047software\PSoC Creator\3.3\PSoC Creator\psoc\content\cycomponentlibrary\CyComponentLibrary.cylib\BLE_v2_0\Library\gccCyBLEStack_BLE_SOC_PERIPHERAL.a(CyBleStackMgr_PSoCHal.o)
                0x00002e88                CyBleStackMgr_isTimerRunning

i.CyBleAtlantisRadioInit
                0x00002e98      0x150
 i.CyBleAtlantisRadioInit
                0x00002e98      0x150 C:\9047software\PSoC Creator\3.3\PSoC Creator\psoc\content\cycomponentlibrary\CyComponentLibrary.cylib\BLE_v2_0\Library\gccCyBLEStack_BLE_SOC_PERIPHERAL.a(CyBleStackMgr_BleSSDriver.o)

i.CyBleStackMgr_BleSSFifoRead
                0x00002fe8       0x38
 i.CyBleStackMgr_BleSSFifoRead
                0x00002fe8       0x38 C:\9047software\PSoC Creator\3.3\PSoC Creator\psoc\content\cycomponentlibrary\CyComponentLibrary.cylib\BLE_v2_0\Library\gccCyBLEStack_BLE_SOC_PERIPHERAL.a(CyBleStackMgr_BleSSDriver.o)
                0x00002fe8                CyBleStackMgr_BleSSFifoRead

i.CyBleStackMgr_BleSSFifoWrite
                0x00003020       0x30
 i.CyBleStackMgr_BleSSFifoWrite
                0x00003020       0x30 C:\9047software\PSoC Creator\3.3\PSoC Creator\psoc\content\cycomponentlibrary\CyComponentLibrary.cylib\BLE_v2_0\Library\gccCyBLEStack_BLE_SOC_PERIPHERAL.a(CyBleStackMgr_BleSSDriver.o)
                0x00003020                CyBleStackMgr_BleSSFifoWrite

i.CyBleStackMgr_BleSSInit
                0x00003050       0x50
 i.CyBleStackMgr_BleSSInit
                0x00003050       0x50 C:\9047software\PSoC Creator\3.3\PSoC Creator\psoc\content\cycomponentlibrary\CyComponentLibrary.cylib\BLE_v2_0\Library\gccCyBLEStack_BLE_SOC_PERIPHERAL.a(CyBleStackMgr_BleSSDriver.o)
                0x00003050                CyBleStackMgr_BleSSInit

i.CyBleStackMgr_BleSSMemRead
                0x000030a0       0x26
 i.CyBleStackMgr_BleSSMemRead
                0x000030a0       0x26 C:\9047software\PSoC Creator\3.3\PSoC Creator\psoc\content\cycomponentlibrary\CyComponentLibrary.cylib\BLE_v2_0\Library\gccCyBLEStack_BLE_SOC_PERIPHERAL.a(CyBleStackMgr_BleSSDriver.o)
                0x000030a0                CyBleStackMgr_BleSSMemRead

i.CyBleStackMgr_BleSSMemWrite
                0x000030c8       0x34
 i.CyBleStackMgr_BleSSMemWrite
                0x000030c8       0x34 C:\9047software\PSoC Creator\3.3\PSoC Creator\psoc\content\cycomponentlibrary\CyComponentLibrary.cylib\BLE_v2_0\Library\gccCyBLEStack_BLE_SOC_PERIPHERAL.a(CyBleStackMgr_BleSSDriver.o)
                0x000030c8                CyBleStackMgr_BleSSMemWrite

i.CyBleStackMgr_BleSSRegRead
                0x000030fc        0xc
 i.CyBleStackMgr_BleSSRegRead
                0x000030fc        0xc C:\9047software\PSoC Creator\3.3\PSoC Creator\psoc\content\cycomponentlibrary\CyComponentLibrary.cylib\BLE_v2_0\Library\gccCyBLEStack_BLE_SOC_PERIPHERAL.a(CyBleStackMgr_BleSSDriver.o)
                0x000030fc                CyBleStackMgr_BleSSRegRead

i.CyBleStackMgr_BleSSRegWrite
                0x00003108        0xc
 i.CyBleStackMgr_BleSSRegWrite
                0x00003108        0xc C:\9047software\PSoC Creator\3.3\PSoC Creator\psoc\content\cycomponentlibrary\CyComponentLibrary.cylib\BLE_v2_0\Library\gccCyBLEStack_BLE_SOC_PERIPHERAL.a(CyBleStackMgr_BleSSDriver.o)
                0x00003108                CyBleStackMgr_BleSSRegWrite

i.CyBleStackMgr_BleSSReset
                0x00003114       0x38
 i.CyBleStackMgr_BleSSReset
                0x00003114       0x38 C:\9047software\PSoC Creator\3.3\PSoC Creator\psoc\content\cycomponentlibrary\CyComponentLibrary.cylib\BLE_v2_0\Library\gccCyBLEStack_BLE_SOC_PERIPHERAL.a(CyBleStackMgr_BleSSDriver.o)
                0x00003114                CyBleStackMgr_BleSSReset

i.CyBleStackMgr_BleSSShutdown
                0x0000314c       0x24
 i.CyBleStackMgr_BleSSShutdown
                0x0000314c       0x24 C:\9047software\PSoC Creator\3.3\PSoC Creator\psoc\content\cycomponentlibrary\CyComponentLibrary.cylib\BLE_v2_0\Library\gccCyBLEStack_BLE_SOC_PERIPHERAL.a(CyBleStackMgr_BleSSDriver.o)
                0x0000314c                CyBleStackMgr_BleSSShutdown

i.CyBleStackMgr_GenericIface
                0x00003170       0x3c
 i.CyBleStackMgr_GenericIface
                0x00003170       0x3c C:\9047software\PSoC Creator\3.3\PSoC Creator\psoc\content\cycomponentlibrary\CyComponentLibrary.cylib\BLE_v2_0\Library\gccCyBLEStack_BLE_SOC_PERIPHERAL.a(CyBleStackMgr_BleSSDriver.o)
                0x00003170                CyBleStackMgr_GenericIface

i.CyBleStackMgr_HandleBleSSIntr
                0x000031ac       0x90
 i.CyBleStackMgr_HandleBleSSIntr
                0x000031ac       0x90 C:\9047software\PSoC Creator\3.3\PSoC Creator\psoc\content\cycomponentlibrary\CyComponentLibrary.cylib\BLE_v2_0\Library\gccCyBLEStack_BLE_SOC_PERIPHERAL.a(CyBleStackMgr_BleSSDriver.o)
                0x000031ac                CyBleStackMgr_HandleBleSSIntr

i.CyBleStackMgr_SetClockParam
                0x0000323c       0xb4
 i.CyBleStackMgr_SetClockParam
                0x0000323c       0xb4 C:\9047software\PSoC Creator\3.3\PSoC Creator\psoc\content\cycomponentlibrary\CyComponentLibrary.cylib\BLE_v2_0\Library\gccCyBLEStack_BLE_SOC_PERIPHERAL.a(CyBleStackMgr_BleSSDriver.o)

i.CyBleStackMgr_isXtalCpuClkSource
                0x000032f0       0x18
 i.CyBleStackMgr_isXtalCpuClkSource
                0x000032f0       0x18 C:\9047software\PSoC Creator\3.3\PSoC Creator\psoc\content\cycomponentlibrary\CyComponentLibrary.cylib\BLE_v2_0\Library\gccCyBLEStack_BLE_SOC_PERIPHERAL.a(CyBleStackMgr_BleSSDriver.o)
                0x000032f0                CyBleStackMgr_isXtalCpuClkSource

i.CyBle_EnterDsmMode
                0x00003308       0x3c
 i.CyBle_EnterDsmMode
                0x00003308       0x3c C:\9047software\PSoC Creator\3.3\PSoC Creator\psoc\content\cycomponentlibrary\CyComponentLibrary.cylib\BLE_v2_0\Library\gccCyBLEStack_BLE_SOC_PERIPHERAL.a(CyBleStackMgr_BleSSDriver.o)
                0x00003308                CyBle_EnterDsmMode

i.CyBle_ExitDsmMode
                0x00003344       0x2c
 i.CyBle_ExitDsmMode
                0x00003344       0x2c C:\9047software\PSoC Creator\3.3\PSoC Creator\psoc\content\cycomponentlibrary\CyComponentLibrary.cylib\BLE_v2_0\Library\gccCyBLEStack_BLE_SOC_PERIPHERAL.a(CyBleStackMgr_BleSSDriver.o)
                0x00003344                CyBle_ExitDsmMode

i.CyBle_GetBleSsOperationalMode
                0x00003370        0xc
 i.CyBle_GetBleSsOperationalMode
                0x00003370        0xc C:\9047software\PSoC Creator\3.3\PSoC Creator\psoc\content\cycomponentlibrary\CyComponentLibrary.cylib\BLE_v2_0\Library\gccCyBLEStack_BLE_SOC_PERIPHERAL.a(CyBleStackMgr_BleSSDriver.o)
                0x00003370                CyBle_GetBleSsOperationalMode

i.CyBle_GetEventCloseState
                0x0000337c       0x10
 i.CyBle_GetEventCloseState
                0x0000337c       0x10 C:\9047software\PSoC Creator\3.3\PSoC Creator\psoc\content\cycomponentlibrary\CyComponentLibrary.cylib\BLE_v2_0\Library\gccCyBLEStack_BLE_SOC_PERIPHERAL.a(CyBleStackMgr_BleSSDriver.o)
                0x0000337c                CyBle_GetEventCloseState

i.CyBle_GetLpMode
                0x0000338c       0x26
 i.CyBle_GetLpMode
                0x0000338c       0x26 C:\9047software\PSoC Creator\3.3\PSoC Creator\psoc\content\cycomponentlibrary\CyComponentLibrary.cylib\BLE_v2_0\Library\gccCyBLEStack_BLE_SOC_PERIPHERAL.a(CyBleStackMgr_BleSSDriver.o)
                0x0000338c                CyBle_GetLpMode

i.CyBle_GetTxGainMode
                0x000033b4       0x2c
 i.CyBle_GetTxGainMode
                0x000033b4       0x2c C:\9047software\PSoC Creator\3.3\PSoC Creator\psoc\content\cycomponentlibrary\CyComponentLibrary.cylib\BLE_v2_0\Library\gccCyBLEStack_BLE_SOC_PERIPHERAL.a(CyBleStackMgr_BleSSDriver.o)
                0x000033b4                CyBle_GetTxGainMode

i.CyBle_SetAutoWakeUp
                0x000033e0        0xc
 i.CyBle_SetAutoWakeUp
                0x000033e0        0xc C:\9047software\PSoC Creator\3.3\PSoC Creator\psoc\content\cycomponentlibrary\CyComponentLibrary.cylib\BLE_v2_0\Library\gccCyBLEStack_BLE_SOC_PERIPHERAL.a(CyBleStackMgr_BleSSDriver.o)
                0x000033e0                CyBle_SetAutoWakeUp

i.CyBle_SetBleSsOperationalMode
                0x000033ec       0x20
 i.CyBle_SetBleSsOperationalMode
                0x000033ec       0x20 C:\9047software\PSoC Creator\3.3\PSoC Creator\psoc\content\cycomponentlibrary\CyComponentLibrary.cylib\BLE_v2_0\Library\gccCyBLEStack_BLE_SOC_PERIPHERAL.a(CyBleStackMgr_BleSSDriver.o)
                0x000033ec                CyBle_SetBleSsOperationalMode

i.CyBle_SetEventCloseState
                0x0000340c        0xc
 i.CyBle_SetEventCloseState
                0x0000340c        0xc C:\9047software\PSoC Creator\3.3\PSoC Creator\psoc\content\cycomponentlibrary\CyComponentLibrary.cylib\BLE_v2_0\Library\gccCyBLEStack_BLE_SOC_PERIPHERAL.a(CyBleStackMgr_BleSSDriver.o)
                0x0000340c                CyBle_SetEventCloseState

i.CyBle_SetRxGainMode
                0x00003418       0x20
 i.CyBle_SetRxGainMode
                0x00003418       0x20 C:\9047software\PSoC Creator\3.3\PSoC Creator\psoc\content\cycomponentlibrary\CyComponentLibrary.cylib\BLE_v2_0\Library\gccCyBLEStack_BLE_SOC_PERIPHERAL.a(CyBleStackMgr_BleSSDriver.o)
                0x00003418                CyBle_SetRxGainMode

i.CyBle_SetTxGainMode
                0x00003438       0x38
 i.CyBle_SetTxGainMode
                0x00003438       0x38 C:\9047software\PSoC Creator\3.3\PSoC Creator\psoc\content\cycomponentlibrary\CyComponentLibrary.cylib\BLE_v2_0\Library\gccCyBLEStack_BLE_SOC_PERIPHERAL.a(CyBleStackMgr_BleSSDriver.o)
                0x00003438                CyBle_SetTxGainMode

i.pf_rf_get_abs_rssi
                0x00003470       0x24
 i.pf_rf_get_abs_rssi
                0x00003470       0x24 C:\9047software\PSoC Creator\3.3\PSoC Creator\psoc\content\cycomponentlibrary\CyComponentLibrary.cylib\BLE_v2_0\Library\gccCyBLEStack_BLE_SOC_PERIPHERAL.a(CyBleStackMgr_BleSSDriver.o)
                0x00003470                pf_rf_get_abs_rssi

i.OS_init       0x00003494       0x64
 i.OS_init      0x00003494       0x64 C:\9047software\PSoC Creator\3.3\PSoC Creator\psoc\content\cycomponentlibrary\CyComponentLibrary.cylib\BLE_v2_0\Library\gccCyBLEStack_BLE_SOC_PERIPHERAL.a(mint_os.o)
                0x00003494                OS_init

i.OS_shutdown   0x000034f8        0x4
 i.OS_shutdown  0x000034f8        0x4 C:\9047software\PSoC Creator\3.3\PSoC Creator\psoc\content\cycomponentlibrary\CyComponentLibrary.cylib\BLE_v2_0\Library\gccCyBLEStack_BLE_SOC_PERIPHERAL.a(mint_os.o)
                0x000034f8                OS_shutdown

i.mintos_malloc
                0x000034fc       0x34
 i.mintos_malloc
                0x000034fc       0x34 C:\9047software\PSoC Creator\3.3\PSoC Creator\psoc\content\cycomponentlibrary\CyComponentLibrary.cylib\BLE_v2_0\Library\gccCyBLEStack_BLE_SOC_PERIPHERAL.a(mint_os.o)
                0x000034fc                mintos_malloc

i.OS_create_queue
                0x00003530       0x64
 i.OS_create_queue
                0x00003530       0x64 C:\9047software\PSoC Creator\3.3\PSoC Creator\psoc\content\cycomponentlibrary\CyComponentLibrary.cylib\BLE_v2_0\Library\gccCyBLEStack_BLE_SOC_PERIPHERAL.a(mint_os_queue.o)
                0x00003530                OS_create_queue

i.OS_enqueue_item
                0x00003594       0x8c
 i.OS_enqueue_item
                0x00003594       0x8c C:\9047software\PSoC Creator\3.3\PSoC Creator\psoc\content\cycomponentlibrary\CyComponentLibrary.cylib\BLE_v2_0\Library\gccCyBLEStack_BLE_SOC_PERIPHERAL.a(mint_os_queue.o)
                0x00003594                OS_enqueue_item

i.OS_queue_get_num_of_items
                0x00003620       0x28
 i.OS_queue_get_num_of_items
                0x00003620       0x28 C:\9047software\PSoC Creator\3.3\PSoC Creator\psoc\content\cycomponentlibrary\CyComponentLibrary.cylib\BLE_v2_0\Library\gccCyBLEStack_BLE_SOC_PERIPHERAL.a(mint_os_queue.o)
                0x00003620                OS_queue_get_num_of_items

i.OS_queue_mgmt_init
                0x00003648       0x40
 i.OS_queue_mgmt_init
                0x00003648       0x40 C:\9047software\PSoC Creator\3.3\PSoC Creator\psoc\content\cycomponentlibrary\CyComponentLibrary.cylib\BLE_v2_0\Library\gccCyBLEStack_BLE_SOC_PERIPHERAL.a(mint_os_queue.o)
                0x00003648                OS_queue_mgmt_init

i.OS_remove_item
                0x00003688       0xa0
 i.OS_remove_item
                0x00003688       0xa0 C:\9047software\PSoC Creator\3.3\PSoC Creator\psoc\content\cycomponentlibrary\CyComponentLibrary.cylib\BLE_v2_0\Library\gccCyBLEStack_BLE_SOC_PERIPHERAL.a(mint_os_queue.o)
                0x00003688                OS_remove_item

i.OS_create_task
                0x00003728       0x88
 i.OS_create_task
                0x00003728       0x88 C:\9047software\PSoC Creator\3.3\PSoC Creator\psoc\content\cycomponentlibrary\CyComponentLibrary.cylib\BLE_v2_0\Library\gccCyBLEStack_BLE_SOC_PERIPHERAL.a(mint_os_task.o)
                0x00003728                OS_create_task

i.OS_isr_send_signal_to_task
                0x000037b0        0xc
 i.OS_isr_send_signal_to_task
                0x000037b0        0xc C:\9047software\PSoC Creator\3.3\PSoC Creator\psoc\content\cycomponentlibrary\CyComponentLibrary.cylib\BLE_v2_0\Library\gccCyBLEStack_BLE_SOC_PERIPHERAL.a(mint_os_task.o)
                0x000037b0                OS_isr_send_signal_to_task

i.OS_scheduler  0x000037bc       0x64
 i.OS_scheduler
                0x000037bc       0x64 C:\9047software\PSoC Creator\3.3\PSoC Creator\psoc\content\cycomponentlibrary\CyComponentLibrary.cylib\BLE_v2_0\Library\gccCyBLEStack_BLE_SOC_PERIPHERAL.a(mint_os_task.o)
                0x000037bc                OS_scheduler

i.OS_send_signal_to_task
                0x00003820        0xc
 i.OS_send_signal_to_task
                0x00003820        0xc C:\9047software\PSoC Creator\3.3\PSoC Creator\psoc\content\cycomponentlibrary\CyComponentLibrary.cylib\BLE_v2_0\Library\gccCyBLEStack_BLE_SOC_PERIPHERAL.a(mint_os_task.o)
                0x00003820                OS_send_signal_to_task

i.OS_send_signal_to_task_context
                0x0000382c       0x3c
 i.OS_send_signal_to_task_context
                0x0000382c       0x3c C:\9047software\PSoC Creator\3.3\PSoC Creator\psoc\content\cycomponentlibrary\CyComponentLibrary.cylib\BLE_v2_0\Library\gccCyBLEStack_BLE_SOC_PERIPHERAL.a(mint_os_task.o)

i.OS_task_mgmt_init
                0x00003868       0x50
 i.OS_task_mgmt_init
                0x00003868       0x50 C:\9047software\PSoC Creator\3.3\PSoC Creator\psoc\content\cycomponentlibrary\CyComponentLibrary.cylib\BLE_v2_0\Library\gccCyBLEStack_BLE_SOC_PERIPHERAL.a(mint_os_task.o)
                0x00003868                OS_task_mgmt_init

i.mint_buf_mgmt_allocate_buffer
                0x000038b8       0x4c
 i.mint_buf_mgmt_allocate_buffer
                0x000038b8       0x4c C:\9047software\PSoC Creator\3.3\PSoC Creator\psoc\content\cycomponentlibrary\CyComponentLibrary.cylib\BLE_v2_0\Library\gccCyBLEStack_BLE_SOC_PERIPHERAL.a(mint_buf_mgmt.o)
                0x000038b8                mint_buf_mgmt_allocate_buffer

i.mint_buf_mgmt_create_pool
                0x00003904       0xd0
 i.mint_buf_mgmt_create_pool
                0x00003904       0xd0 C:\9047software\PSoC Creator\3.3\PSoC Creator\psoc\content\cycomponentlibrary\CyComponentLibrary.cylib\BLE_v2_0\Library\gccCyBLEStack_BLE_SOC_PERIPHERAL.a(mint_buf_mgmt.o)
                0x00003904                mint_buf_mgmt_create_pool

i.mint_buf_mgmt_free_buffer
                0x000039d4       0xa4
 i.mint_buf_mgmt_free_buffer
                0x000039d4       0xa4 C:\9047software\PSoC Creator\3.3\PSoC Creator\psoc\content\cycomponentlibrary\CyComponentLibrary.cylib\BLE_v2_0\Library\gccCyBLEStack_BLE_SOC_PERIPHERAL.a(mint_buf_mgmt.o)
                0x000039d4                mint_buf_mgmt_free_buffer

i.mint_buf_mgmt_init
                0x00003a78       0x44
 i.mint_buf_mgmt_init
                0x00003a78       0x44 C:\9047software\PSoC Creator\3.3\PSoC Creator\psoc\content\cycomponentlibrary\CyComponentLibrary.cylib\BLE_v2_0\Library\gccCyBLEStack_BLE_SOC_PERIPHERAL.a(mint_buf_mgmt.o)
                0x00003a78                mint_buf_mgmt_init

i.mint_buf_mgmt_malloc
                0x00003abc       0x2c
 i.mint_buf_mgmt_malloc
                0x00003abc       0x2c C:\9047software\PSoC Creator\3.3\PSoC Creator\psoc\content\cycomponentlibrary\CyComponentLibrary.cylib\BLE_v2_0\Library\gccCyBLEStack_BLE_SOC_PERIPHERAL.a(mint_buf_mgmt.o)
                0x00003abc                mint_buf_mgmt_malloc

i.mint_buf_mgmt_pl_init
                0x00003ae8       0x40
 i.mint_buf_mgmt_pl_init
                0x00003ae8       0x40 C:\9047software\PSoC Creator\3.3\PSoC Creator\psoc\content\cycomponentlibrary\CyComponentLibrary.cylib\BLE_v2_0\Library\gccCyBLEStack_BLE_SOC_PERIPHERAL.a(mint_buf_mgmt.o)
                0x00003ae8                mint_buf_mgmt_pl_init

i.mint_buf_mgmt_reset_pool
                0x00003b28       0x70
 i.mint_buf_mgmt_reset_pool
                0x00003b28       0x70 C:\9047software\PSoC Creator\3.3\PSoC Creator\psoc\content\cycomponentlibrary\CyComponentLibrary.cylib\BLE_v2_0\Library\gccCyBLEStack_BLE_SOC_PERIPHERAL.a(mint_buf_mgmt.o)
                0x00003b28                mint_buf_mgmt_reset_pool

i.mint_buf_mgmt_stack_init
                0x00003b98       0x24
 i.mint_buf_mgmt_stack_init
                0x00003b98       0x24 C:\9047software\PSoC Creator\3.3\PSoC Creator\psoc\content\cycomponentlibrary\CyComponentLibrary.cylib\BLE_v2_0\Library\gccCyBLEStack_BLE_SOC_PERIPHERAL.a(mint_buf_mgmt.o)
                0x00003b98                mint_buf_mgmt_stack_init

i.mint_buf_mgmt_stack_pop
                0x00003bbc       0x36
 i.mint_buf_mgmt_stack_pop
                0x00003bbc       0x36 C:\9047software\PSoC Creator\3.3\PSoC Creator\psoc\content\cycomponentlibrary\CyComponentLibrary.cylib\BLE_v2_0\Library\gccCyBLEStack_BLE_SOC_PERIPHERAL.a(mint_buf_mgmt.o)
                0x00003bbc                mint_buf_mgmt_stack_pop

i.mint_buf_mgmt_stack_push
                0x00003bf2       0x36
 i.mint_buf_mgmt_stack_push
                0x00003bf2       0x36 C:\9047software\PSoC Creator\3.3\PSoC Creator\psoc\content\cycomponentlibrary\CyComponentLibrary.cylib\BLE_v2_0\Library\gccCyBLEStack_BLE_SOC_PERIPHERAL.a(mint_buf_mgmt.o)
                0x00003bf2                mint_buf_mgmt_stack_push

i.mint_buf_mgmt_stack_reset
                0x00003c28       0x1e
 i.mint_buf_mgmt_stack_reset
                0x00003c28       0x1e C:\9047software\PSoC Creator\3.3\PSoC Creator\psoc\content\cycomponentlibrary\CyComponentLibrary.cylib\BLE_v2_0\Library\gccCyBLEStack_BLE_SOC_PERIPHERAL.a(mint_buf_mgmt.o)
                0x00003c28                mint_buf_mgmt_stack_reset

i.mint_buf_mgmt_stack_search_item
                0x00003c46       0x30
 i.mint_buf_mgmt_stack_search_item
                0x00003c46       0x30 C:\9047software\PSoC Creator\3.3\PSoC Creator\psoc\content\cycomponentlibrary\CyComponentLibrary.cylib\BLE_v2_0\Library\gccCyBLEStack_BLE_SOC_PERIPHERAL.a(mint_buf_mgmt.o)
                0x00003c46                mint_buf_mgmt_stack_search_item

i.CyBleControllerIP_GetPingState
                0x00003c78        0xc
 i.CyBleControllerIP_GetPingState
                0x00003c78        0xc C:\9047software\PSoC Creator\3.3\PSoC Creator\psoc\content\cycomponentlibrary\CyComponentLibrary.cylib\BLE_v2_0\Library\gccCyBLEStack_BLE_SOC_PERIPHERAL.a(CyBleControllerIP_Interface.o)
                0x00003c78                CyBleControllerIP_GetPingState

i.CyBleController_AddDeviceToWhiteList
                0x00003c84       0x40
 i.CyBleController_AddDeviceToWhiteList
                0x00003c84       0x40 C:\9047software\PSoC Creator\3.3\PSoC Creator\psoc\content\cycomponentlibrary\CyComponentLibrary.cylib\BLE_v2_0\Library\gccCyBLEStack_BLE_SOC_PERIPHERAL.a(CyBleControllerIP_Interface.o)
                0x00003c84                CyBleController_AddDeviceToWhiteList

i.CyBleController_EnterLowPowerMode
                0x00003cc4       0x2c
 i.CyBleController_EnterLowPowerMode
                0x00003cc4       0x2c C:\9047software\PSoC Creator\3.3\PSoC Creator\psoc\content\cycomponentlibrary\CyComponentLibrary.cylib\BLE_v2_0\Library\gccCyBLEStack_BLE_SOC_PERIPHERAL.a(CyBleControllerIP_Interface.o)
                0x00003cc4                CyBleController_EnterLowPowerMode

i.CyBleController_ExitLowPowerMode
                0x00003cf0       0x10
 i.CyBleController_ExitLowPowerMode
                0x00003cf0       0x10 C:\9047software\PSoC Creator\3.3\PSoC Creator\psoc\content\cycomponentlibrary\CyComponentLibrary.cylib\BLE_v2_0\Library\gccCyBLEStack_BLE_SOC_PERIPHERAL.a(CyBleControllerIP_Interface.o)
                0x00003cf0                CyBleController_ExitLowPowerMode

i.CyBleController_Init
                0x00003d00       0x32
 i.CyBleController_Init
                0x00003d00       0x32 C:\9047software\PSoC Creator\3.3\PSoC Creator\psoc\content\cycomponentlibrary\CyComponentLibrary.cylib\BLE_v2_0\Library\gccCyBLEStack_BLE_SOC_PERIPHERAL.a(CyBleControllerIP_Interface.o)
                0x00003d00                CyBleController_Init

i.CyBleController_Reset
                0x00003d32        0x4
 i.CyBleController_Reset
                0x00003d32        0x4 C:\9047software\PSoC Creator\3.3\PSoC Creator\psoc\content\cycomponentlibrary\CyComponentLibrary.cylib\BLE_v2_0\Library\gccCyBLEStack_BLE_SOC_PERIPHERAL.a(CyBleControllerIP_Interface.o)
                0x00003d32                CyBleController_Reset

i.CyBleController_SetDeviceAddress
                0x00003d36       0x2e
 i.CyBleController_SetDeviceAddress
                0x00003d36       0x2e C:\9047software\PSoC Creator\3.3\PSoC Creator\psoc\content\cycomponentlibrary\CyComponentLibrary.cylib\BLE_v2_0\Library\gccCyBLEStack_BLE_SOC_PERIPHERAL.a(CyBleControllerIP_Interface.o)
                0x00003d36                CyBleController_SetDeviceAddress

i.CyBle_GetBleSsState
                0x00003d64       0x10
 i.CyBle_GetBleSsState
                0x00003d64       0x10 C:\9047software\PSoC Creator\3.3\PSoC Creator\psoc\content\cycomponentlibrary\CyComponentLibrary.cylib\BLE_v2_0\Library\gccCyBLEStack_BLE_SOC_PERIPHERAL.a(CyBleControllerIP_Interface.o)
                0x00003d64                CyBle_GetBleSsState

i.CyBle_GetTxPowerLevel
                0x00003d74       0x4e
 i.CyBle_GetTxPowerLevel
                0x00003d74       0x4e C:\9047software\PSoC Creator\3.3\PSoC Creator\psoc\content\cycomponentlibrary\CyComponentLibrary.cylib\BLE_v2_0\Library\gccCyBLEStack_BLE_SOC_PERIPHERAL.a(CyBleControllerIP_Interface.o)
                0x00003d74                CyBle_GetTxPowerLevel

i.CyBle_SetTxPowerLevel
                0x00003dc2       0x56
 i.CyBle_SetTxPowerLevel
                0x00003dc2       0x56 C:\9047software\PSoC Creator\3.3\PSoC Creator\psoc\content\cycomponentlibrary\CyComponentLibrary.cylib\BLE_v2_0\Library\gccCyBLEStack_BLE_SOC_PERIPHERAL.a(CyBleControllerIP_Interface.o)
                0x00003dc2                CyBle_SetTxPowerLevel

i.ll_check_and_mark_packet_ready_for_transmission
                0x00003e18       0x28
 i.ll_check_and_mark_packet_ready_for_transmission
                0x00003e18       0x28 C:\9047software\PSoC Creator\3.3\PSoC Creator\psoc\content\cycomponentlibrary\CyComponentLibrary.cylib\BLE_v2_0\Library\gccCyBLEStack_BLE_SOC_PERIPHERAL.a(ll.o)
                0x00003e18                ll_check_and_mark_packet_ready_for_transmission

i.ll_cleanup_pending_data_pdu
                0x00003e40       0x38
 i.ll_cleanup_pending_data_pdu
                0x00003e40       0x38 C:\9047software\PSoC Creator\3.3\PSoC Creator\psoc\content\cycomponentlibrary\CyComponentLibrary.cylib\BLE_v2_0\Library\gccCyBLEStack_BLE_SOC_PERIPHERAL.a(ll.o)
                0x00003e40                ll_cleanup_pending_data_pdu

i.ll_enter_dsm_mode
                0x00003e78      0x1a4
 i.ll_enter_dsm_mode
                0x00003e78      0x1a4 C:\9047software\PSoC Creator\3.3\PSoC Creator\psoc\content\cycomponentlibrary\CyComponentLibrary.cylib\BLE_v2_0\Library\gccCyBLEStack_BLE_SOC_PERIPHERAL.a(ll.o)
                0x00003e78                ll_enter_dsm_mode

i.ll_enter_hibernate_mode
                0x0000401c       0x28
 i.ll_enter_hibernate_mode
                0x0000401c       0x28 C:\9047software\PSoC Creator\3.3\PSoC Creator\psoc\content\cycomponentlibrary\CyComponentLibrary.cylib\BLE_v2_0\Library\gccCyBLEStack_BLE_SOC_PERIPHERAL.a(ll.o)
                0x0000401c                ll_enter_hibernate_mode

i.ll_enter_sm_mode
                0x00004044       0x60
 i.ll_enter_sm_mode
                0x00004044       0x60 C:\9047software\PSoC Creator\3.3\PSoC Creator\psoc\content\cycomponentlibrary\CyComponentLibrary.cylib\BLE_v2_0\Library\gccCyBLEStack_BLE_SOC_PERIPHERAL.a(ll.o)
                0x00004044                ll_enter_sm_mode

i.ll_exit_low_power_mode
                0x000040a4       0xac
 i.ll_exit_low_power_mode
                0x000040a4       0xac C:\9047software\PSoC Creator\3.3\PSoC Creator\psoc\content\cycomponentlibrary\CyComponentLibrary.cylib\BLE_v2_0\Library\gccCyBLEStack_BLE_SOC_PERIPHERAL.a(ll.o)
                0x000040a4                ll_exit_low_power_mode

i.ll_get_ack_status
                0x00004150       0x3c
 i.ll_get_ack_status
                0x00004150       0x3c C:\9047software\PSoC Creator\3.3\PSoC Creator\psoc\content\cycomponentlibrary\CyComponentLibrary.cylib\BLE_v2_0\Library\gccCyBLEStack_BLE_SOC_PERIPHERAL.a(ll.o)
                0x00004150                ll_get_ack_status

i.ll_get_ack_status_for_all_connections
                0x0000418c       0x34
 i.ll_get_ack_status_for_all_connections
                0x0000418c       0x34 C:\9047software\PSoC Creator\3.3\PSoC Creator\psoc\content\cycomponentlibrary\CyComponentLibrary.cylib\BLE_v2_0\Library\gccCyBLEStack_BLE_SOC_PERIPHERAL.a(ll.o)
                0x0000418c                ll_get_ack_status_for_all_connections

i.ll_get_adv_ch_tx_power
                0x000041c0       0x20
 i.ll_get_adv_ch_tx_power
                0x000041c0       0x20 C:\9047software\PSoC Creator\3.3\PSoC Creator\psoc\content\cycomponentlibrary\CyComponentLibrary.cylib\BLE_v2_0\Library\gccCyBLEStack_BLE_SOC_PERIPHERAL.a(ll.o)
                0x000041c0                ll_get_adv_ch_tx_power

i.ll_get_data_channel_map
                0x000041e0       0x24
 i.ll_get_data_channel_map
                0x000041e0       0x24 C:\9047software\PSoC Creator\3.3\PSoC Creator\psoc\content\cycomponentlibrary\CyComponentLibrary.cylib\BLE_v2_0\Library\gccCyBLEStack_BLE_SOC_PERIPHERAL.a(ll.o)
                0x000041e0                ll_get_data_channel_map

i.ll_get_max_white_list_size
                0x00004204        0xc
 i.ll_get_max_white_list_size
                0x00004204        0xc C:\9047software\PSoC Creator\3.3\PSoC Creator\psoc\content\cycomponentlibrary\CyComponentLibrary.cylib\BLE_v2_0\Library\gccCyBLEStack_BLE_SOC_PERIPHERAL.a(ll.o)
                0x00004204                ll_get_max_white_list_size

i.ll_get_my_role
                0x00004210        0xc
 i.ll_get_my_role
                0x00004210        0xc C:\9047software\PSoC Creator\3.3\PSoC Creator\psoc\content\cycomponentlibrary\CyComponentLibrary.cylib\BLE_v2_0\Library\gccCyBLEStack_BLE_SOC_PERIPHERAL.a(ll.o)
                0x00004210                ll_get_my_role

i.ll_get_next_available_fifo_for_data_pdu
                0x0000421c        0x8
 i.ll_get_next_available_fifo_for_data_pdu
                0x0000421c        0x8 C:\9047software\PSoC Creator\3.3\PSoC Creator\psoc\content\cycomponentlibrary\CyComponentLibrary.cylib\BLE_v2_0\Library\gccCyBLEStack_BLE_SOC_PERIPHERAL.a(ll.o)
                0x0000421c                ll_get_next_available_fifo_for_data_pdu

i.ll_get_next_available_fifo_for_ll_pdu
                0x00004224       0x24
 i.ll_get_next_available_fifo_for_ll_pdu
                0x00004224       0x24 C:\9047software\PSoC Creator\3.3\PSoC Creator\psoc\content\cycomponentlibrary\CyComponentLibrary.cylib\BLE_v2_0\Library\gccCyBLEStack_BLE_SOC_PERIPHERAL.a(ll.o)
                0x00004224                ll_get_next_available_fifo_for_ll_pdu

i.ll_get_rssi_value
                0x00004248       0x26
 i.ll_get_rssi_value
                0x00004248       0x26 C:\9047software\PSoC Creator\3.3\PSoC Creator\psoc\content\cycomponentlibrary\CyComponentLibrary.cylib\BLE_v2_0\Library\gccCyBLEStack_BLE_SOC_PERIPHERAL.a(ll.o)
                0x00004248                ll_get_rssi_value

i.ll_get_transmit_power_level
                0x00004270       0x2c
 i.ll_get_transmit_power_level
                0x00004270       0x2c C:\9047software\PSoC Creator\3.3\PSoC Creator\psoc\content\cycomponentlibrary\CyComponentLibrary.cylib\BLE_v2_0\Library\gccCyBLEStack_BLE_SOC_PERIPHERAL.a(ll.o)
                0x00004270                ll_get_transmit_power_level

i.ll_handle_ack_received
                0x0000429c       0x74
 i.ll_handle_ack_received
                0x0000429c       0x74 C:\9047software\PSoC Creator\3.3\PSoC Creator\psoc\content\cycomponentlibrary\CyComponentLibrary.cylib\BLE_v2_0\Library\gccCyBLEStack_BLE_SOC_PERIPHERAL.a(ll.o)
                0x0000429c                ll_handle_ack_received

i.ll_handle_add_device_in_whitelist
                0x00004310       0x3a
 i.ll_handle_add_device_in_whitelist
                0x00004310       0x3a C:\9047software\PSoC Creator\3.3\PSoC Creator\psoc\content\cycomponentlibrary\CyComponentLibrary.cylib\BLE_v2_0\Library\gccCyBLEStack_BLE_SOC_PERIPHERAL.a(ll.o)
                0x00004310                ll_handle_add_device_in_whitelist

i.ll_handle_clear_whitelist
                0x0000434a       0x16
 i.ll_handle_clear_whitelist
                0x0000434a       0x16 C:\9047software\PSoC Creator\3.3\PSoC Creator\psoc\content\cycomponentlibrary\CyComponentLibrary.cylib\BLE_v2_0\Library\gccCyBLEStack_BLE_SOC_PERIPHERAL.a(ll.o)
                0x0000434a                ll_handle_clear_whitelist

i.ll_handle_encrypt_host_data
                0x00004360       0x36
 i.ll_handle_encrypt_host_data
                0x00004360       0x36 C:\9047software\PSoC Creator\3.3\PSoC Creator\psoc\content\cycomponentlibrary\CyComponentLibrary.cylib\BLE_v2_0\Library\gccCyBLEStack_BLE_SOC_PERIPHERAL.a(ll.o)
                0x00004360                ll_handle_encrypt_host_data

i.ll_handle_host_data_packet
                0x00004396       0x54
 i.ll_handle_host_data_packet
                0x00004396       0x54 C:\9047software\PSoC Creator\3.3\PSoC Creator\psoc\content\cycomponentlibrary\CyComponentLibrary.cylib\BLE_v2_0\Library\gccCyBLEStack_BLE_SOC_PERIPHERAL.a(ll.o)
                0x00004396                ll_handle_host_data_packet

i.ll_handle_read_host_channel_map
                0x000043ea        0x4
 i.ll_handle_read_host_channel_map
                0x000043ea        0x4 C:\9047software\PSoC Creator\3.3\PSoC Creator\psoc\content\cycomponentlibrary\CyComponentLibrary.cylib\BLE_v2_0\Library\gccCyBLEStack_BLE_SOC_PERIPHERAL.a(ll.o)
                0x000043ea                ll_handle_read_host_channel_map

i.ll_handle_remove_device_in_whitelist
                0x000043ee       0x2a
 i.ll_handle_remove_device_in_whitelist
                0x000043ee       0x2a C:\9047software\PSoC Creator\3.3\PSoC Creator\psoc\content\cycomponentlibrary\CyComponentLibrary.cylib\BLE_v2_0\Library\gccCyBLEStack_BLE_SOC_PERIPHERAL.a(ll.o)
                0x000043ee                ll_handle_remove_device_in_whitelist

i.ll_handle_reset
                0x00004418        0xe
 i.ll_handle_reset
                0x00004418        0xe C:\9047software\PSoC Creator\3.3\PSoC Creator\psoc\content\cycomponentlibrary\CyComponentLibrary.cylib\BLE_v2_0\Library\gccCyBLEStack_BLE_SOC_PERIPHERAL.a(ll.o)
                0x00004418                ll_handle_reset

i.ll_handle_set_random_address
                0x00004426       0x36
 i.ll_handle_set_random_address
                0x00004426       0x36 C:\9047software\PSoC Creator\3.3\PSoC Creator\psoc\content\cycomponentlibrary\CyComponentLibrary.cylib\BLE_v2_0\Library\gccCyBLEStack_BLE_SOC_PERIPHERAL.a(ll.o)
                0x00004426                ll_handle_set_random_address

i.ll_init       0x0000445c       0x18
 i.ll_init      0x0000445c       0x18 C:\9047software\PSoC Creator\3.3\PSoC Creator\psoc\content\cycomponentlibrary\CyComponentLibrary.cylib\BLE_v2_0\Library\gccCyBLEStack_BLE_SOC_PERIPHERAL.a(ll.o)
                0x0000445c                ll_init

i.ll_initialize_device_attributes
                0x00004474       0x4c
 i.ll_initialize_device_attributes
                0x00004474       0x4c C:\9047software\PSoC Creator\3.3\PSoC Creator\psoc\content\cycomponentlibrary\CyComponentLibrary.cylib\BLE_v2_0\Library\gccCyBLEStack_BLE_SOC_PERIPHERAL.a(ll.o)
                0x00004474                ll_initialize_device_attributes

i.ll_is_pkt_pending
                0x000044c0       0x2a
 i.ll_is_pkt_pending
                0x000044c0       0x2a C:\9047software\PSoC Creator\3.3\PSoC Creator\psoc\content\cycomponentlibrary\CyComponentLibrary.cylib\BLE_v2_0\Library\gccCyBLEStack_BLE_SOC_PERIPHERAL.a(ll.o)
                0x000044c0                ll_is_pkt_pending

i.ll_is_sent_pkt_pending
                0x000044ea       0x1a
 i.ll_is_sent_pkt_pending
                0x000044ea       0x1a C:\9047software\PSoC Creator\3.3\PSoC Creator\psoc\content\cycomponentlibrary\CyComponentLibrary.cylib\BLE_v2_0\Library\gccCyBLEStack_BLE_SOC_PERIPHERAL.a(ll.o)
                0x000044ea                ll_is_sent_pkt_pending

i.ll_isr_exit_low_power_mode
                0x00004504       0x16
 i.ll_isr_exit_low_power_mode
                0x00004504       0x16 C:\9047software\PSoC Creator\3.3\PSoC Creator\psoc\content\cycomponentlibrary\CyComponentLibrary.cylib\BLE_v2_0\Library\gccCyBLEStack_BLE_SOC_PERIPHERAL.a(ll.o)
                0x00004504                ll_isr_exit_low_power_mode

i.ll_load_host_data_packet
                0x0000451a       0x4a
 i.ll_load_host_data_packet
                0x0000451a       0x4a C:\9047software\PSoC Creator\3.3\PSoC Creator\psoc\content\cycomponentlibrary\CyComponentLibrary.cylib\BLE_v2_0\Library\gccCyBLEStack_BLE_SOC_PERIPHERAL.a(ll.o)
                0x0000451a                ll_load_host_data_packet

i.ll_load_packet_to_fifo
                0x00004564       0x6e
 i.ll_load_packet_to_fifo
                0x00004564       0x6e C:\9047software\PSoC Creator\3.3\PSoC Creator\psoc\content\cycomponentlibrary\CyComponentLibrary.cylib\BLE_v2_0\Library\gccCyBLEStack_BLE_SOC_PERIPHERAL.a(ll.o)
                0x00004564                ll_load_packet_to_fifo

i.ll_process_acks
                0x000045d2       0x3c
 i.ll_process_acks
                0x000045d2       0x3c C:\9047software\PSoC Creator\3.3\PSoC Creator\psoc\content\cycomponentlibrary\CyComponentLibrary.cylib\BLE_v2_0\Library\gccCyBLEStack_BLE_SOC_PERIPHERAL.a(ll.o)
                0x000045d2                ll_process_acks

i.ll_reset      0x0000460e       0x12
 i.ll_reset     0x0000460e       0x12 C:\9047software\PSoC Creator\3.3\PSoC Creator\psoc\content\cycomponentlibrary\CyComponentLibrary.cylib\BLE_v2_0\Library\gccCyBLEStack_BLE_SOC_PERIPHERAL.a(ll.o)
                0x0000460e                ll_reset

i.ll_update_active_features
                0x00004620       0x58
 i.ll_update_active_features
                0x00004620       0x58 C:\9047software\PSoC Creator\3.3\PSoC Creator\psoc\content\cycomponentlibrary\CyComponentLibrary.cylib\BLE_v2_0\Library\gccCyBLEStack_BLE_SOC_PERIPHERAL.a(ll.o)
                0x00004620                ll_update_active_features

i.ll_update_device_fsm
                0x00004678        0x8
 i.ll_update_device_fsm
                0x00004678        0x8 C:\9047software\PSoC Creator\3.3\PSoC Creator\psoc\content\cycomponentlibrary\CyComponentLibrary.cylib\BLE_v2_0\Library\gccCyBLEStack_BLE_SOC_PERIPHERAL.a(ll.o)
                0x00004678                ll_update_device_fsm

i.pf_le_start_timer
                0x00004680       0x16
 i.pf_le_start_timer
                0x00004680       0x16 C:\9047software\PSoC Creator\3.3\PSoC Creator\psoc\content\cycomponentlibrary\CyComponentLibrary.cylib\BLE_v2_0\Library\gccCyBLEStack_BLE_SOC_PERIPHERAL.a(ll.o)
                0x00004680                pf_le_start_timer

i.pf_le_stop_timer
                0x00004696       0x12
 i.pf_le_stop_timer
                0x00004696       0x12 C:\9047software\PSoC Creator\3.3\PSoC Creator\psoc\content\cycomponentlibrary\CyComponentLibrary.cylib\BLE_v2_0\Library\gccCyBLEStack_BLE_SOC_PERIPHERAL.a(ll.o)
                0x00004696                pf_le_stop_timer

i.CyBleControllerIP_TuneAdvEventInterPktSlots
                0x000046a8       0x44
 i.CyBleControllerIP_TuneAdvEventInterPktSlots
                0x000046a8       0x44 C:\9047software\PSoC Creator\3.3\PSoC Creator\psoc\content\cycomponentlibrary\CyComponentLibrary.cylib\BLE_v2_0\Library\gccCyBLEStack_BLE_SOC_PERIPHERAL.a(ll_advertiser.o)
                0x000046a8                CyBleControllerIP_TuneAdvEventInterPktSlots

i.ll_adv_is_configured_connection_adv
                0x000046ec       0x1e
 i.ll_adv_is_configured_connection_adv
                0x000046ec       0x1e C:\9047software\PSoC Creator\3.3\PSoC Creator\psoc\content\cycomponentlibrary\CyComponentLibrary.cylib\BLE_v2_0\Library\gccCyBLEStack_BLE_SOC_PERIPHERAL.a(ll_advertiser.o)
                0x000046ec                ll_adv_is_configured_connection_adv

i.ll_check_random_address_in_use_by_advertiser
                0x0000470a       0x10
 i.ll_check_random_address_in_use_by_advertiser
                0x0000470a       0x10 C:\9047software\PSoC Creator\3.3\PSoC Creator\psoc\content\cycomponentlibrary\CyComponentLibrary.cylib\BLE_v2_0\Library\gccCyBLEStack_BLE_SOC_PERIPHERAL.a(ll_advertiser.o)
                0x0000470a                ll_check_random_address_in_use_by_advertiser

i.ll_check_whitelist_in_use_by_advertiser
                0x0000471a       0x10
 i.ll_check_whitelist_in_use_by_advertiser
                0x0000471a       0x10 C:\9047software\PSoC Creator\3.3\PSoC Creator\psoc\content\cycomponentlibrary\CyComponentLibrary.cylib\BLE_v2_0\Library\gccCyBLEStack_BLE_SOC_PERIPHERAL.a(ll_advertiser.o)
                0x0000471a                ll_check_whitelist_in_use_by_advertiser

i.ll_get_adv_status
                0x0000472a        0xc
 i.ll_get_adv_status
                0x0000472a        0xc C:\9047software\PSoC Creator\3.3\PSoC Creator\psoc\content\cycomponentlibrary\CyComponentLibrary.cylib\BLE_v2_0\Library\gccCyBLEStack_BLE_SOC_PERIPHERAL.a(ll_advertiser.o)
                0x0000472a                ll_get_adv_status

i.ll_get_adv_type
                0x00004736       0x16
 i.ll_get_adv_type
                0x00004736       0x16 C:\9047software\PSoC Creator\3.3\PSoC Creator\psoc\content\cycomponentlibrary\CyComponentLibrary.cylib\BLE_v2_0\Library\gccCyBLEStack_BLE_SOC_PERIPHERAL.a(ll_advertiser.o)
                0x00004736                ll_get_adv_type

i.ll_handle_adv_intr
                0x0000474c       0x50
 i.ll_handle_adv_intr
                0x0000474c       0x50 C:\9047software\PSoC Creator\3.3\PSoC Creator\psoc\content\cycomponentlibrary\CyComponentLibrary.cylib\BLE_v2_0\Library\gccCyBLEStack_BLE_SOC_PERIPHERAL.a(ll_advertiser.o)
                0x0000474c                ll_handle_adv_intr

i.ll_handle_set_adv_data
                0x0000479c       0x14
 i.ll_handle_set_adv_data
                0x0000479c       0x14 C:\9047software\PSoC Creator\3.3\PSoC Creator\psoc\content\cycomponentlibrary\CyComponentLibrary.cylib\BLE_v2_0\Library\gccCyBLEStack_BLE_SOC_PERIPHERAL.a(ll_advertiser.o)
                0x0000479c                ll_handle_set_adv_data

i.ll_handle_set_adv_parameters
                0x000047b0       0x84
 i.ll_handle_set_adv_parameters
                0x000047b0       0x84 C:\9047software\PSoC Creator\3.3\PSoC Creator\psoc\content\cycomponentlibrary\CyComponentLibrary.cylib\BLE_v2_0\Library\gccCyBLEStack_BLE_SOC_PERIPHERAL.a(ll_advertiser.o)
                0x000047b0                ll_handle_set_adv_parameters

i.ll_handle_set_advertise_enable
                0x00004834       0x70
 i.ll_handle_set_advertise_enable
                0x00004834       0x70 C:\9047software\PSoC Creator\3.3\PSoC Creator\psoc\content\cycomponentlibrary\CyComponentLibrary.cylib\BLE_v2_0\Library\gccCyBLEStack_BLE_SOC_PERIPHERAL.a(ll_advertiser.o)
                0x00004834                ll_handle_set_advertise_enable

i.ll_handle_set_scan_resp_data
                0x000048a4       0x14
 i.ll_handle_set_scan_resp_data
                0x000048a4       0x14 C:\9047software\PSoC Creator\3.3\PSoC Creator\psoc\content\cycomponentlibrary\CyComponentLibrary.cylib\BLE_v2_0\Library\gccCyBLEStack_BLE_SOC_PERIPHERAL.a(ll_advertiser.o)
                0x000048a4                ll_handle_set_scan_resp_data

i.ll_init_advertiser
                0x000048b8       0x68
 i.ll_init_advertiser
                0x000048b8       0x68 C:\9047software\PSoC Creator\3.3\PSoC Creator\psoc\content\cycomponentlibrary\CyComponentLibrary.cylib\BLE_v2_0\Library\gccCyBLEStack_BLE_SOC_PERIPHERAL.a(ll_advertiser.o)
                0x000048b8                ll_init_advertiser

i.is_le_connection_handle
                0x00004920       0x28
 i.is_le_connection_handle
                0x00004920       0x28 C:\9047software\PSoC Creator\3.3\PSoC Creator\psoc\content\cycomponentlibrary\CyComponentLibrary.cylib\BLE_v2_0\Library\gccCyBLEStack_BLE_SOC_PERIPHERAL.a(ll_connection.o)
                0x00004920                is_le_connection_handle

i.le_assign_connection_handle
                0x00004948       0x28
 i.le_assign_connection_handle
                0x00004948       0x28 C:\9047software\PSoC Creator\3.3\PSoC Creator\psoc\content\cycomponentlibrary\CyComponentLibrary.cylib\BLE_v2_0\Library\gccCyBLEStack_BLE_SOC_PERIPHERAL.a(ll_connection.o)
                0x00004948                le_assign_connection_handle

i.le_get_connection_index
                0x00004970        0x6
 i.le_get_connection_index
                0x00004970        0x6 C:\9047software\PSoC Creator\3.3\PSoC Creator\psoc\content\cycomponentlibrary\CyComponentLibrary.cylib\BLE_v2_0\Library\gccCyBLEStack_BLE_SOC_PERIPHERAL.a(ll_connection.o)
                0x00004970                le_get_connection_index

i.ll_allocate_connection
                0x00004978       0x44
 i.ll_allocate_connection
                0x00004978       0x44 C:\9047software\PSoC Creator\3.3\PSoC Creator\psoc\content\cycomponentlibrary\CyComponentLibrary.cylib\BLE_v2_0\Library\gccCyBLEStack_BLE_SOC_PERIPHERAL.a(ll_connection.o)
                0x00004978                ll_allocate_connection

i.ll_calculate_and_program_def_win_widen_drift
                0x000049bc       0x14
 i.ll_calculate_and_program_def_win_widen_drift
                0x000049bc       0x14 C:\9047software\PSoC Creator\3.3\PSoC Creator\psoc\content\cycomponentlibrary\CyComponentLibrary.cylib\BLE_v2_0\Library\gccCyBLEStack_BLE_SOC_PERIPHERAL.a(ll_connection.o)
                0x000049bc                ll_calculate_and_program_def_win_widen_drift

i.ll_calculate_drift
                0x000049d0       0x2c
 i.ll_calculate_drift
                0x000049d0       0x2c C:\9047software\PSoC Creator\3.3\PSoC Creator\psoc\content\cycomponentlibrary\CyComponentLibrary.cylib\BLE_v2_0\Library\gccCyBLEStack_BLE_SOC_PERIPHERAL.a(ll_connection.o)
                0x000049d0                ll_calculate_drift

i.ll_check_and_decrypt_ll_pdu
                0x000049fc       0x68
 i.ll_check_and_decrypt_ll_pdu
                0x000049fc       0x68 C:\9047software\PSoC Creator\3.3\PSoC Creator\psoc\content\cycomponentlibrary\CyComponentLibrary.cylib\BLE_v2_0\Library\gccCyBLEStack_BLE_SOC_PERIPHERAL.a(ll_connection.o)
                0x000049fc                ll_check_and_decrypt_ll_pdu

i.ll_check_and_decrypt_packet
                0x00004a64       0x6a
 i.ll_check_and_decrypt_packet
                0x00004a64       0x6a C:\9047software\PSoC Creator\3.3\PSoC Creator\psoc\content\cycomponentlibrary\CyComponentLibrary.cylib\BLE_v2_0\Library\gccCyBLEStack_BLE_SOC_PERIPHERAL.a(ll_connection.o)
                0x00004a64                ll_check_and_decrypt_packet

i.ll_check_and_encrypt_ll_pdu
                0x00004ace       0x72
 i.ll_check_and_encrypt_ll_pdu
                0x00004ace       0x72 C:\9047software\PSoC Creator\3.3\PSoC Creator\psoc\content\cycomponentlibrary\CyComponentLibrary.cylib\BLE_v2_0\Library\gccCyBLEStack_BLE_SOC_PERIPHERAL.a(ll_connection.o)
                0x00004ace                ll_check_and_encrypt_ll_pdu

i.ll_check_and_encrypt_packet
                0x00004b40       0x8a
 i.ll_check_and_encrypt_packet
                0x00004b40       0x8a C:\9047software\PSoC Creator\3.3\PSoC Creator\psoc\content\cycomponentlibrary\CyComponentLibrary.cylib\BLE_v2_0\Library\gccCyBLEStack_BLE_SOC_PERIPHERAL.a(ll_connection.o)
                0x00004b40                ll_check_and_encrypt_packet

i.ll_check_for_allowing_incoming_connection_update
                0x00004bca       0x42
 i.ll_check_for_allowing_incoming_connection_update
                0x00004bca       0x42 C:\9047software\PSoC Creator\3.3\PSoC Creator\psoc\content\cycomponentlibrary\CyComponentLibrary.cylib\BLE_v2_0\Library\gccCyBLEStack_BLE_SOC_PERIPHERAL.a(ll_connection.o)
                0x00004bca                ll_check_for_allowing_incoming_connection_update

i.ll_check_if_pdu_is_loaded_to_hardware
                0x00004c0c       0x1c
 i.ll_check_if_pdu_is_loaded_to_hardware
                0x00004c0c       0x1c C:\9047software\PSoC Creator\3.3\PSoC Creator\psoc\content\cycomponentlibrary\CyComponentLibrary.cylib\BLE_v2_0\Library\gccCyBLEStack_BLE_SOC_PERIPHERAL.a(ll_connection.o)
                0x00004c0c                ll_check_if_pdu_is_loaded_to_hardware

i.ll_check_random_address_in_use_by_initiator
                0x00004c28       0x30
 i.ll_check_random_address_in_use_by_initiator
                0x00004c28       0x30 C:\9047software\PSoC Creator\3.3\PSoC Creator\psoc\content\cycomponentlibrary\CyComponentLibrary.cylib\BLE_v2_0\Library\gccCyBLEStack_BLE_SOC_PERIPHERAL.a(ll_connection.o)
                0x00004c28                ll_check_random_address_in_use_by_initiator

i.ll_check_white_list_in_use_by_initiator
                0x00004c58       0x30
 i.ll_check_white_list_in_use_by_initiator
                0x00004c58       0x30 C:\9047software\PSoC Creator\3.3\PSoC Creator\psoc\content\cycomponentlibrary\CyComponentLibrary.cylib\BLE_v2_0\Library\gccCyBLEStack_BLE_SOC_PERIPHERAL.a(ll_connection.o)
                0x00004c58                ll_check_white_list_in_use_by_initiator

i.ll_conn_free_enc_txn_buffer
                0x00004c88       0x16
 i.ll_conn_free_enc_txn_buffer
                0x00004c88       0x16 C:\9047software\PSoC Creator\3.3\PSoC Creator\psoc\content\cycomponentlibrary\CyComponentLibrary.cylib\BLE_v2_0\Library\gccCyBLEStack_BLE_SOC_PERIPHERAL.a(ll_connection.o)
                0x00004c88                ll_conn_free_enc_txn_buffer

i.ll_conn_fsm_update_channel_state
                0x00004c9e        0x6
 i.ll_conn_fsm_update_channel_state
                0x00004c9e        0x6 C:\9047software\PSoC Creator\3.3\PSoC Creator\psoc\content\cycomponentlibrary\CyComponentLibrary.cylib\BLE_v2_0\Library\gccCyBLEStack_BLE_SOC_PERIPHERAL.a(ll_connection.o)
                0x00004c9e                ll_conn_fsm_update_channel_state

i.ll_conn_fsm_update_conn_update_state
                0x00004ca4        0x6
 i.ll_conn_fsm_update_conn_update_state
                0x00004ca4        0x6 C:\9047software\PSoC Creator\3.3\PSoC Creator\psoc\content\cycomponentlibrary\CyComponentLibrary.cylib\BLE_v2_0\Library\gccCyBLEStack_BLE_SOC_PERIPHERAL.a(ll_connection.o)
                0x00004ca4                ll_conn_fsm_update_conn_update_state

i.ll_conn_fsm_update_enc_state
                0x00004caa        0x6
 i.ll_conn_fsm_update_enc_state
                0x00004caa        0x6 C:\9047software\PSoC Creator\3.3\PSoC Creator\psoc\content\cycomponentlibrary\CyComponentLibrary.cylib\BLE_v2_0\Library\gccCyBLEStack_BLE_SOC_PERIPHERAL.a(ll_connection.o)
                0x00004caa                ll_conn_fsm_update_enc_state

i.ll_conn_fsm_update_state
                0x00004cb0        0x4
 i.ll_conn_fsm_update_state
                0x00004cb0        0x4 C:\9047software\PSoC Creator\3.3\PSoC Creator\psoc\content\cycomponentlibrary\CyComponentLibrary.cylib\BLE_v2_0\Library\gccCyBLEStack_BLE_SOC_PERIPHERAL.a(ll_connection.o)
                0x00004cb0                ll_conn_fsm_update_state

i.ll_conn_handle_data_pdu_from_host_when_data_paused
                0x00004cb4        0x8
 i.ll_conn_handle_data_pdu_from_host_when_data_paused
                0x00004cb4        0x8 C:\9047software\PSoC Creator\3.3\PSoC Creator\psoc\content\cycomponentlibrary\CyComponentLibrary.cylib\BLE_v2_0\Library\gccCyBLEStack_BLE_SOC_PERIPHERAL.a(ll_connection.o)
                0x00004cb4                ll_conn_handle_data_pdu_from_host_when_data_paused

i.ll_conn_handle_direct_adv_timeout
                0x00004cbc       0x2a
 i.ll_conn_handle_direct_adv_timeout
                0x00004cbc       0x2a C:\9047software\PSoC Creator\3.3\PSoC Creator\psoc\content\cycomponentlibrary\CyComponentLibrary.cylib\BLE_v2_0\Library\gccCyBLEStack_BLE_SOC_PERIPHERAL.a(ll_connection.o)
                0x00004cbc                ll_conn_handle_direct_adv_timeout

i.ll_conn_handle_ping_timer_expired_interrupt
                0x00004ce8       0x1c
 i.ll_conn_handle_ping_timer_expired_interrupt
                0x00004ce8       0x1c C:\9047software\PSoC Creator\3.3\PSoC Creator\psoc\content\cycomponentlibrary\CyComponentLibrary.cylib\BLE_v2_0\Library\gccCyBLEStack_BLE_SOC_PERIPHERAL.a(ll_connection.o)
                0x00004ce8                ll_conn_handle_ping_timer_expired_interrupt

i.ll_conn_handle_ping_timer_nearly_expired_interrupt
                0x00004d04       0x20
 i.ll_conn_handle_ping_timer_nearly_expired_interrupt
                0x00004d04       0x20 C:\9047software\PSoC Creator\3.3\PSoC Creator\psoc\content\cycomponentlibrary\CyComponentLibrary.cylib\BLE_v2_0\Library\gccCyBLEStack_BLE_SOC_PERIPHERAL.a(ll_connection.o)
                0x00004d04                ll_conn_handle_ping_timer_nearly_expired_interrupt

i.ll_conn_handle_stop_connectable_adv
                0x00004d24       0x12
 i.ll_conn_handle_stop_connectable_adv
                0x00004d24       0x12 C:\9047software\PSoC Creator\3.3\PSoC Creator\psoc\content\cycomponentlibrary\CyComponentLibrary.cylib\BLE_v2_0\Library\gccCyBLEStack_BLE_SOC_PERIPHERAL.a(ll_connection.o)
                0x00004d24                ll_conn_handle_stop_connectable_adv

i.ll_conn_process_pending_transactions
                0x00004d36        0x4
 i.ll_conn_process_pending_transactions
                0x00004d36        0x4 C:\9047software\PSoC Creator\3.3\PSoC Creator\psoc\content\cycomponentlibrary\CyComponentLibrary.cylib\BLE_v2_0\Library\gccCyBLEStack_BLE_SOC_PERIPHERAL.a(ll_connection.o)
                0x00004d36                ll_conn_process_pending_transactions

i.ll_conn_program_authenticated_payload_timer
                0x00004d3c       0x50
 i.ll_conn_program_authenticated_payload_timer
                0x00004d3c       0x50 C:\9047software\PSoC Creator\3.3\PSoC Creator\psoc\content\cycomponentlibrary\CyComponentLibrary.cylib\BLE_v2_0\Library\gccCyBLEStack_BLE_SOC_PERIPHERAL.a(ll_connection.o)
                0x00004d3c                ll_conn_program_authenticated_payload_timer

i.ll_conn_read_data_pdu_from_hardware